Archive member included because of file (symbol)

c:/program files (x86)/gnu tools arm embedded/4.9 2015q3/bin/../lib/gcc/arm-none-eabi/4.9.3/../../../../arm-none-eabi/lib/armv7e-m/softfp\libm.a(lib_a-s_fpclassify.o)
                              ../BUILD/NRF52_DK/GCC_ARM/mbed-os/features/frameworks/unity/source/unity.o (__fpclassifyd)
c:/program files (x86)/gnu tools arm embedded/4.9 2015q3/bin/../lib/gcc/arm-none-eabi/4.9.3/../../../../arm-none-eabi/lib/armv7e-m/softfp\libm.a(lib_a-sf_fpclassify.o)
                              ../BUILD/NRF52_DK/GCC_ARM/mbed-os/features/frameworks/unity/source/unity.o (__fpclassifyf)
c:/program files (x86)/gnu tools arm embedded/4.9 2015q3/bin/../lib/gcc/arm-none-eabi/4.9.3/../../../../arm-none-eabi/lib/armv7e-m/softfp\libc.a(lib_a-assert.o)
                              ../BUILD/NRF52_DK/GCC_ARM/mbed-os/targets/TARGET_NORDIC/TARGET_NRF5/nordic_critical.o (__assert_func)
c:/program files (x86)/gnu tools arm embedded/4.9 2015q3/bin/../lib/gcc/arm-none-eabi/4.9.3/../../../../arm-none-eabi/lib/armv7e-m/softfp\libc.a(lib_a-callocr.o)
                              ../BUILD/NRF52_DK/GCC_ARM/mbed-os/platform/mbed_alloc_wrappers.o (_calloc_r)
c:/program files (x86)/gnu tools arm embedded/4.9 2015q3/bin/../lib/gcc/arm-none-eabi/4.9.3/../../../../arm-none-eabi/lib/armv7e-m/softfp\libc.a(lib_a-errno.o)
                              ../BUILD/NRF52_DK/GCC_ARM/mbed-os/features/filesystem/fat/FATFileSystem.o (__errno)
c:/program files (x86)/gnu tools arm embedded/4.9 2015q3/bin/../lib/gcc/arm-none-eabi/4.9.3/../../../../arm-none-eabi/lib/armv7e-m/softfp\libc.a(lib_a-fclose.o)
                              ../BUILD/NRF52_DK/GCC_ARM/mbed-os/drivers/Stream.o (fclose)
c:/program files (x86)/gnu tools arm embedded/4.9 2015q3/bin/../lib/gcc/arm-none-eabi/4.9.3/../../../../arm-none-eabi/lib/armv7e-m/softfp\libc.a(lib_a-fflush.o)
                              c:/program files (x86)/gnu tools arm embedded/4.9 2015q3/bin/../lib/gcc/arm-none-eabi/4.9.3/../../../../arm-none-eabi/lib/armv7e-m/softfp\libc.a(lib_a-fclose.o) (__sflush_r)
c:/program files (x86)/gnu tools arm embedded/4.9 2015q3/bin/../lib/gcc/arm-none-eabi/4.9.3/../../../../arm-none-eabi/lib/armv7e-m/softfp\libc.a(lib_a-fgetc.o)
                              ../BUILD/NRF52_DK/GCC_ARM/mbed-os/platform/mbed_retarget.o (fgetc)
c:/program files (x86)/gnu tools arm embedded/4.9 2015q3/bin/../lib/gcc/arm-none-eabi/4.9.3/../../../../arm-none-eabi/lib/armv7e-m/softfp\libc.a(lib_a-fgets.o)
                              ../BUILD/NRF52_DK/GCC_ARM/mbed-os/platform/mbed_retarget.o (fgets)
c:/program files (x86)/gnu tools arm embedded/4.9 2015q3/bin/../lib/gcc/arm-none-eabi/4.9.3/../../../../arm-none-eabi/lib/armv7e-m/softfp\libc.a(lib_a-findfp.o)
                              c:/program files (x86)/gnu tools arm embedded/4.9 2015q3/bin/../lib/gcc/arm-none-eabi/4.9.3/../../../../arm-none-eabi/lib/armv7e-m/softfp\libc.a(lib_a-fclose.o) (__sinit)
c:/program files (x86)/gnu tools arm embedded/4.9 2015q3/bin/../lib/gcc/arm-none-eabi/4.9.3/../../../../arm-none-eabi/lib/armv7e-m/softfp\libc.a(lib_a-fiprintf.o)
                              c:/program files (x86)/gnu tools arm embedded/4.9 2015q3/bin/../lib/gcc/arm-none-eabi/4.9.3/../../../../arm-none-eabi/lib/armv7e-m/softfp\libc.a(lib_a-assert.o) (fiprintf)
c:/program files (x86)/gnu tools arm embedded/4.9 2015q3/bin/../lib/gcc/arm-none-eabi/4.9.3/../../../../arm-none-eabi/lib/armv7e-m/softfp\libc.a(lib_a-fopen.o)
                              ../BUILD/NRF52_DK/GCC_ARM/mbed-os/drivers/Stream.o (fopen)
c:/program files (x86)/gnu tools arm embedded/4.9 2015q3/bin/../lib/gcc/arm-none-eabi/4.9.3/../../../../arm-none-eabi/lib/armv7e-m/softfp\libc.a(lib_a-fputc.o)
                              ../BUILD/NRF52_DK/GCC_ARM/mbed-os/drivers/Stream.o (fputc)
c:/program files (x86)/gnu tools arm embedded/4.9 2015q3/bin/../lib/gcc/arm-none-eabi/4.9.3/../../../../arm-none-eabi/lib/armv7e-m/softfp\libc.a(lib_a-fputs.o)
                              ../BUILD/NRF52_DK/GCC_ARM/mbed-os/drivers/Stream.o (fputs)
c:/program files (x86)/gnu tools arm embedded/4.9 2015q3/bin/../lib/gcc/arm-none-eabi/4.9.3/../../../../arm-none-eabi/lib/armv7e-m/softfp\libc.a(lib_a-freer.o)
                              ../BUILD/NRF52_DK/GCC_ARM/mbed-os/platform/mbed_alloc_wrappers.o (_free_r)
c:/program files (x86)/gnu tools arm embedded/4.9 2015q3/bin/../lib/gcc/arm-none-eabi/4.9.3/../../../../arm-none-eabi/lib/armv7e-m/softfp\libc.a(lib_a-fseek.o)
                              c:/program files (x86)/gnu tools arm embedded/4.9 2015q3/bin/../lib/gcc/arm-none-eabi/4.9.3/../../../../arm-none-eabi/lib/armv7e-m/softfp\libc.a(lib_a-fopen.o) (_fseek_r)
c:/program files (x86)/gnu tools arm embedded/4.9 2015q3/bin/../lib/gcc/arm-none-eabi/4.9.3/../../../../arm-none-eabi/lib/armv7e-m/softfp\libc.a(lib_a-fseeko.o)
[...]
Memory Configuration

Name             Origin             Length             Attributes
FLASH            0x0001c000         0x00064000         xr
RAM              0x20002ef8         0x0000d108         xrw
*default*        0x00000000         0xffffffff

Linker script and memory map

LOAD c:/program files (x86)/gnu tools arm embedded/4.9 2015q3/bin/../lib/gcc/arm-none-eabi/4.9.3/armv7e-m/softfp/crti.o
LOAD c:/program files (x86)/gnu tools arm embedded/4.9 2015q3/bin/../lib/gcc/arm-none-eabi/4.9.3/armv7e-m/softfp/crtbegin.o
LOAD c:/program files (x86)/gnu tools arm embedded/4.9 2015q3/bin/../lib/gcc/arm-none-eabi/4.9.3/../../../../arm-none-eabi/lib/armv7e-m/softfp/crt0.o
LOAD ../BUILD/NRF52_DK/GCC_ARM/./test_env.o
LOAD ../BUILD/NRF52_DK/GCC_ARM/mbed-os/drivers/AnalogIn.o
LOAD ../BUILD/NRF52_DK/GCC_ARM/mbed-os/drivers/BusIn.o
LOAD ../BUILD/NRF52_DK/GCC_ARM/mbed-os/drivers/BusInOut.o
LOAD ../BUILD/NRF52_DK/GCC_ARM/mbed-os/drivers/BusOut.o
LOAD ../BUILD/NRF52_DK/GCC_ARM/mbed-os/drivers/CAN.o
LOAD ../BUILD/NRF52_DK/GCC_ARM/mbed-os/drivers/Ethernet.o
LOAD ../BUILD/NRF52_DK/GCC_ARM/mbed-os/drivers/FileBase.o
LOAD ../BUILD/NRF52_DK/GCC_ARM/mbed-os/drivers/FilePath.o
LOAD ../BUILD/NRF52_DK/GCC_ARM/mbed-os/drivers/FileSystemLike.o
LOAD ../BUILD/NRF52_DK/GCC_ARM/mbed-os/drivers/FlashIAP.o
LOAD ../BUILD/NRF52_DK/GCC_ARM/mbed-os/drivers/I2C.o
LOAD ../BUILD/NRF52_DK/GCC_ARM/mbed-os/drivers/I2CSlave.o
LOAD ../BUILD/NRF52_DK/GCC_ARM/mbed-os/drivers/InterruptIn.o
LOAD ../BUILD/NRF52_DK/GCC_ARM/mbed-os/drivers/InterruptManager.o
LOAD ../BUILD/NRF52_DK/GCC_ARM/mbed-os/drivers/LocalFileSystem.o
LOAD ../BUILD/NRF52_DK/GCC_ARM/mbed-os/drivers/RawSerial.o
LOAD ../BUILD/NRF52_DK/GCC_ARM/mbed-os/drivers/SPI.o
LOAD ../BUILD/NRF52_DK/GCC_ARM/mbed-os/drivers/SPISlave.o
LOAD ../BUILD/NRF52_DK/GCC_ARM/mbed-os/drivers/Serial.o
LOAD ../BUILD/NRF52_DK/GCC_ARM/mbed-os/drivers/SerialBase.o
LOAD ../BUILD/NRF52_DK/GCC_ARM/mbed-os/drivers/Stream.o
LOAD ../BUILD/NRF52_DK/GCC_ARM/mbed-os/drivers/Ticker.o
LOAD ../BUILD/NRF52_DK/GCC_ARM/mbed-os/drivers/Timeout.o
LOAD ../BUILD/NRF52_DK/GCC_ARM/mbed-os/drivers/Timer.o
LOAD ../BUILD/NRF52_DK/GCC_ARM/mbed-os/drivers/TimerEvent.o
LOAD ../BUILD/NRF52_DK/GCC_ARM/mbed-os/events/EventQueue.o
LOAD ../BUILD/NRF52_DK/GCC_ARM/mbed-os/events/equeue/equeue.o
LOAD ../BUILD/NRF52_DK/GCC_ARM/mbed-os/events/equeue/equeue_mbed.o
LOAD ../BUILD/NRF52_DK/GCC_ARM/mbed-os/events/equeue/equeue_posix.o
LOAD ../BUILD/NRF52_DK/GCC_ARM/mbed-os/features/FEATURE_BLE/source/BLE.o
LOAD ../BUILD/NRF52_DK/GCC_ARM/mbed-os/features/FEATURE_BLE/source/BLEInstanceBase.o
LOAD ../BUILD/NRF52_DK/GCC_ARM/mbed-os/features/FEATURE_BLE/source/DiscoveredCharacteristic.o
LOAD ../BUILD/NRF52_DK/GCC_ARM/mbed-os/features/FEATURE_BLE/source/GapScanningParams.o
LOAD ../BUILD/NRF52_DK/GCC_ARM/mbed-os/features/FEATURE_BLE/source/services/DFUService.o
LOAD ../BUILD/NRF52_DK/GCC_ARM/mbed-os/features/FEATURE_BLE/source/services/UARTService.o
LOAD ../BUILD/NRF52_DK/GCC_ARM/mbed-os/features/FEATURE_BLE/source/services/URIBeaconConfigService.o
LOAD ../BUILD/NRF52_DK/GCC_ARM/mbed-os/features/FEATURE_BLE/targets/TARGET_NORDIC/TARGET_NRF5/source/btle/btle.o
LOAD ../BUILD/NRF52_DK/GCC_ARM/mbed-os/features/FEATURE_BLE/targets/TARGET_NORDIC/TARGET_NRF5/source/btle/btle_advertising.o
LOAD ../BUILD/NRF52_DK/GCC_ARM/mbed-os/features/FEATURE_BLE/targets/TARGET_NORDIC/TARGET_NRF5/source/btle/btle_discovery.o
LOAD ../BUILD/NRF52_DK/GCC_ARM/mbed-os/features/FEATURE_BLE/targets/TARGET_NORDIC/TARGET_NRF5/source/btle/btle_gap.o
LOAD ../BUILD/NRF52_DK/GCC_ARM/mbed-os/features/FEATURE_BLE/targets/TARGET_NORDIC/TARGET_NRF5/source/btle/btle_security.o
LOAD ../BUILD/NRF52_DK/GCC_ARM/mbed-os/features/FEATURE_BLE/targets/TARGET_NORDIC/TARGET_NRF5/source/btle/btle_security_pm.o
LOAD ../BUILD/NRF52_DK/GCC_ARM/mbed-os/features/FEATURE_BLE/targets/TARGET_NORDIC/TARGET_NRF5/source/btle/custom/custom_helper.o
LOAD ../BUILD/NRF52_DK/GCC_ARM/mbed-os/features/FEATURE_BLE/targets/TARGET_NORDIC/TARGET_NRF5/source/nRF5xCharacteristicDescriptorDiscoverer.o
LOAD ../BUILD/NRF52_DK/GCC_ARM/mbed-os/features/FEATURE_BLE/targets/TARGET_NORDIC/TARGET_NRF5/source/nRF5xDiscoveredCharacteristic.o
LOAD ../BUILD/NRF52_DK/GCC_ARM/mbed-os/features/FEATURE_BLE/targets/TARGET_NORDIC/TARGET_NRF5/source/nRF5xGap.o
LOAD ../BUILD/NRF52_DK/GCC_ARM/mbed-os/features/FEATURE_BLE/targets/TARGET_NORDIC/TARGET_NRF5/source/nRF5xGattClient.o
LOAD ../BUILD/NRF52_DK/GCC_ARM/mbed-os/features/FEATURE_BLE/targets/TARGET_NORDIC/TARGET_NRF5/source/nRF5xGattServer.o
LOAD ../BUILD/NRF52_DK/GCC_ARM/mbed-os/features/FEATURE_BLE/targets/TARGET_NORDIC/TARGET_NRF5/source/nRF5xServiceDiscovery.o
LOAD ../BUILD/NRF52_DK/GCC_ARM/mbed-os/features/FEATURE_BLE/targets/TARGET_NORDIC/TARGET_NRF5/source/nRF5xn.o
LOAD ../BUILD/NRF52_DK/GCC_ARM/mbed-os/features/filesystem/Dir.o
LOAD ../BUILD/NRF52_DK/GCC_ARM/mbed-os/features/filesystem/File.o
LOAD ../BUILD/NRF52_DK/GCC_ARM/mbed-os/features/filesystem/FileSystem.o
LOAD ../BUILD/NRF52_DK/GCC_ARM/mbed-os/features/filesystem/bd/ChainingBlockDevice.o
LOAD ../BUILD/NRF52_DK/GCC_ARM/mbed-os/features/filesystem/bd/HeapBlockDevice.o
LOAD ../BUILD/NRF52_DK/GCC_ARM/mbed-os/features/filesystem/bd/SlicingBlockDevice.o
LOAD ../BUILD/NRF52_DK/GCC_ARM/mbed-os/features/filesystem/fat/ChaN/ccsbcs.o
LOAD ../BUILD/NRF52_DK/GCC_ARM/mbed-os/features/filesystem/fat/ChaN/ff.o
LOAD ../BUILD/NRF52_DK/GCC_ARM/mbed-os/features/filesystem/fat/FATFileSystem.o
LOAD ../BUILD/NRF52_DK/GCC_ARM/mbed-os/features/frameworks/greentea-client/source/greentea_metrics.o
LOAD ../BUILD/NRF52_DK/GCC_ARM/mbed-os/features/frameworks/greentea-client/source/greentea_serial.o
LOAD ../BUILD/NRF52_DK/GCC_ARM/mbed-os/features/frameworks/greentea-client/source/greentea_test_env.o
LOAD ../BUILD/NRF52_DK/GCC_ARM/mbed-os/features/frameworks/unity/source/unity.o
LOAD ../BUILD/NRF52_DK/GCC_ARM/mbed-os/features/frameworks/utest/mbed-utest-shim.o
LOAD ../BUILD/NRF52_DK/GCC_ARM/mbed-os/features/frameworks/utest/source/unity_handler.o
LOAD ../BUILD/NRF52_DK/GCC_ARM/mbed-os/features/frameworks/utest/source/utest_case.o
LOAD ../BUILD/NRF52_DK/GCC_ARM/mbed-os/features/frameworks/utest/source/utest_default_handlers.o
LOAD ../BUILD/NRF52_DK/GCC_ARM/mbed-os/features/frameworks/utest/source/utest_greentea_handlers.o
LOAD ../BUILD/NRF52_DK/GCC_ARM/mbed-os/features/frameworks/utest/source/utest_harness.o
LOAD ../BUILD/NRF52_DK/GCC_ARM/mbed-os/features/frameworks/utest/source/utest_shim.o
LOAD ../BUILD/NRF52_DK/GCC_ARM/mbed-os/features/frameworks/utest/source/utest_stack_trace.o
LOAD ../BUILD/NRF52_DK/GCC_ARM/mbed-os/features/frameworks/utest/source/utest_types.o
LOAD ../BUILD/NRF52_DK/GCC_ARM/mbed-os/features/netsocket/NetworkInterface.o
LOAD ../BUILD/NRF52_DK/GCC_ARM/mbed-os/features/netsocket/NetworkStack.o
LOAD ../BUILD/NRF52_DK/GCC_ARM/mbed-os/features/netsocket/Socket.o
LOAD ../BUILD/NRF52_DK/GCC_ARM/mbed-os/features/netsocket/SocketAddress.o
LOAD ../BUILD/NRF52_DK/GCC_ARM/mbed-os/features/netsocket/TCPServer.o
LOAD ../BUILD/NRF52_DK/GCC_ARM/mbed-os/features/netsocket/TCPSocket.o
LOAD ../BUILD/NRF52_DK/GCC_ARM/mbed-os/features/netsocket/UDPSocket.o
LOAD ../BUILD/NRF52_DK/GCC_ARM/mbed-os/features/netsocket/WiFiAccessPoint.o
LOAD ../BUILD/NRF52_DK/GCC_ARM/mbed-os/features/netsocket/nsapi_dns.o
LOAD ../BUILD/NRF52_DK/GCC_ARM/mbed-os/hal/mbed_gpio.o
LOAD ../BUILD/NRF52_DK/GCC_ARM/mbed-os/hal/mbed_lp_ticker_api.o
LOAD ../BUILD/NRF52_DK/GCC_ARM/mbed-os/hal/mbed_pinmap_common.o
LOAD ../BUILD/NRF52_DK/GCC_ARM/mbed-os/hal/mbed_ticker_api.o
LOAD ../BUILD/NRF52_DK/GCC_ARM/mbed-os/hal/mbed_us_ticker_api.o
LOAD ../BUILD/NRF52_DK/GCC_ARM/mbed-os/platform/CallChain.o
LOAD ../BUILD/NRF52_DK/GCC_ARM/mbed-os/platform/mbed_alloc_wrappers.o
LOAD ../BUILD/NRF52_DK/GCC_ARM/mbed-os/platform/mbed_application.o
LOAD ../BUILD/NRF52_DK/GCC_ARM/mbed-os/platform/mbed_assert.o
LOAD ../BUILD/NRF52_DK/GCC_ARM/mbed-os/platform/mbed_board.o
LOAD ../BUILD/NRF52_DK/GCC_ARM/mbed-os/platform/mbed_critical.o
LOAD ../BUILD/NRF52_DK/GCC_ARM/mbed-os/platform/mbed_error.o
LOAD ../BUILD/NRF52_DK/GCC_ARM/mbed-os/platform/mbed_interface.o
LOAD ../BUILD/NRF52_DK/GCC_ARM/mbed-os/platform/mbed_mem_trace.o
LOAD ../BUILD/NRF52_DK/GCC_ARM/mbed-os/platform/mbed_retarget.o
LOAD ../BUILD/NRF52_DK/GCC_ARM/mbed-os/platform/mbed_rtc_time.o
LOAD ../BUILD/NRF52_DK/GCC_ARM/mbed-os/platform/mbed_semihost_api.o
LOAD ../BUILD/NRF52_DK/GCC_ARM/mbed-os/platform/mbed_stats.o
LOAD ../BUILD/NRF52_DK/GCC_ARM/mbed-os/platform/mbed_wait_api_no_rtos.o
LOAD ../BUILD/NRF52_DK/GCC_ARM/mbed-os/platform/mbed_wait_api_rtos.o
LOAD ../BUILD/NRF52_DK/GCC_ARM/mbed-os/rtos/Mutex.o
LOAD ../BUILD/NRF52_DK/GCC_ARM/mbed-os/rtos/RtosTimer.o
LOAD ../BUILD/NRF52_DK/GCC_ARM/mbed-os/rtos/Semaphore.o
LOAD ../BUILD/NRF52_DK/GCC_ARM/mbed-os/rtos/Thread.o
LOAD ../BUILD/NRF52_DK/GCC_ARM/mbed-os/rtos/rtos_idle.o
LOAD ../BUILD/NRF52_DK/GCC_ARM/mbed-os/rtos/rtx/TARGET_CORTEX_M/HAL_CM.o
LOAD ../BUILD/NRF52_DK/GCC_ARM/mbed-os/rtos/rtx/TARGET_CORTEX_M/RTX_Conf_CM.o
LOAD ../BUILD/NRF52_DK/GCC_ARM/mbed-os/rtos/rtx/TARGET_CORTEX_M/TARGET_RTOS_M4_M7/TOOLCHAIN_GCC/HAL_CM4.o
LOAD ../BUILD/NRF52_DK/GCC_ARM/mbed-os/rtos/rtx/TARGET_CORTEX_M/TARGET_RTOS_M4_M7/TOOLCHAIN_GCC/SVC_Table.o
LOAD ../BUILD/NRF52_DK/GCC_ARM/mbed-os/rtos/rtx/TARGET_CORTEX_M/rt_CMSIS.o
LOAD ../BUILD/NRF52_DK/GCC_ARM/mbed-os/rtos/rtx/TARGET_CORTEX_M/rt_Event.o
LOAD ../BUILD/NRF52_DK/GCC_ARM/mbed-os/rtos/rtx/TARGET_CORTEX_M/rt_List.o
LOAD ../BUILD/NRF52_DK/GCC_ARM/mbed-os/rtos/rtx/TARGET_CORTEX_M/rt_Mailbox.o
LOAD ../BUILD/NRF52_DK/GCC_ARM/mbed-os/rtos/rtx/TARGET_CORTEX_M/rt_MemBox.o
LOAD ../BUILD/NRF52_DK/GCC_ARM/mbed-os/rtos/rtx/TARGET_CORTEX_M/rt_Memory.o
LOAD ../BUILD/NRF52_DK/GCC_ARM/mbed-os/rtos/rtx/TARGET_CORTEX_M/rt_Mutex.o
LOAD ../BUILD/NRF52_DK/GCC_ARM/mbed-os/rtos/rtx/TARGET_CORTEX_M/rt_OsEventObserver.o
LOAD ../BUILD/NRF52_DK/GCC_ARM/mbed-os/rtos/rtx/TARGET_CORTEX_M/rt_Robin.o
LOAD ../BUILD/NRF52_DK/GCC_ARM/mbed-os/rtos/rtx/TARGET_CORTEX_M/rt_Semaphore.o
LOAD ../BUILD/NRF52_DK/GCC_ARM/mbed-os/rtos/rtx/TARGET_CORTEX_M/rt_System.o
LOAD ../BUILD/NRF52_DK/GCC_ARM/mbed-os/rtos/rtx/TARGET_CORTEX_M/rt_Task.o
LOAD ../BUILD/NRF52_DK/GCC_ARM/mbed-os/rtos/rtx/TARGET_CORTEX_M/rt_Time.o
LOAD ../BUILD/NRF52_DK/GCC_ARM/mbed-os/rtos/rtx/TARGET_CORTEX_M/rt_Timer.o
LOAD ../BUILD/NRF52_DK/GCC_ARM/mbed-os/targets/TARGET_NORDIC/TARGET_NRF5/TARGET_MCU_NRF52832/analogin_api.o
LOAD ../BUILD/NRF52_DK/GCC_ARM/mbed-os/targets/TARGET_NORDIC/TARGET_NRF5/TARGET_MCU_NRF52832/device/TOOLCHAIN_GCC_ARM/startup_NRF52832.o
LOAD ../BUILD/NRF52_DK/GCC_ARM/mbed-os/targets/TARGET_NORDIC/TARGET_NRF5/TARGET_MCU_NRF52832/device/cmsis_nvic.o
LOAD ../BUILD/NRF52_DK/GCC_ARM/mbed-os/targets/TARGET_NORDIC/TARGET_NRF5/TARGET_MCU_NRF52832/device/system_nrf52.o
LOAD ../BUILD/NRF52_DK/GCC_ARM/mbed-os/targets/TARGET_NORDIC/TARGET_NRF5/TARGET_MCU_NRF52832/pwmout_api.o
LOAD ../BUILD/NRF52_DK/GCC_ARM/mbed-os/targets/TARGET_NORDIC/TARGET_NRF5/TARGET_MCU_NRF52832/sdk/driver_nrf/pwm/nrf_drv_pwm.o
LOAD ../BUILD/NRF52_DK/GCC_ARM/mbed-os/targets/TARGET_NORDIC/TARGET_NRF5/TARGET_MCU_NRF52832/sdk/driver_nrf/saadc/nrf_drv_saadc.o
LOAD ../BUILD/NRF52_DK/GCC_ARM/mbed-os/targets/TARGET_NORDIC/TARGET_NRF5/gpio_api.o
LOAD ../BUILD/NRF52_DK/GCC_ARM/mbed-os/targets/TARGET_NORDIC/TARGET_NRF5/i2c_api.o
LOAD ../BUILD/NRF52_DK/GCC_ARM/mbed-os/targets/TARGET_NORDIC/TARGET_NRF5/lp_ticker.o
LOAD ../BUILD/NRF52_DK/GCC_ARM/mbed-os/targets/TARGET_NORDIC/TARGET_NRF5/nordic_critical.o
LOAD ../BUILD/NRF52_DK/GCC_ARM/mbed-os/targets/TARGET_NORDIC/TARGET_NRF5/pinmap.o
LOAD ../BUILD/NRF52_DK/GCC_ARM/mbed-os/targets/TARGET_NORDIC/TARGET_NRF5/port_api.o
LOAD ../BUILD/NRF52_DK/GCC_ARM/mbed-os/targets/TARGET_NORDIC/TARGET_NRF5/reloc_vector_table.o
LOAD ../BUILD/NRF52_DK/GCC_ARM/mbed-os/targets/TARGET_NORDIC/TARGET_NRF5/rtc_api.o
LOAD ../BUILD/NRF52_DK/GCC_ARM/mbed-os/targets/TARGET_NORDIC/TARGET_NRF5/sdk/ble/ble_advertising/ble_advertising.o
LOAD ../BUILD/NRF52_DK/GCC_ARM/mbed-os/targets/TARGET_NORDIC/TARGET_NRF5/sdk/ble/ble_db_discovery/ble_db_discovery.o
LOAD ../BUILD/NRF52_DK/GCC_ARM/mbed-os/targets/TARGET_NORDIC/TARGET_NRF5/sdk/ble/ble_debug_assert_handler/ble_debug_assert_handler.o
LOAD ../BUILD/NRF52_DK/GCC_ARM/mbed-os/targets/TARGET_NORDIC/TARGET_NRF5/sdk/ble/ble_dtm/ble_dtm.o
LOAD ../BUILD/NRF52_DK/GCC_ARM/mbed-os/targets/TARGET_NORDIC/TARGET_NRF5/sdk/ble/ble_racp/ble_racp.o
LOAD ../BUILD/NRF52_DK/GCC_ARM/mbed-os/targets/TARGET_NORDIC/TARGET_NRF5/sdk/ble/ble_radio_notification/ble_radio_notification.o
LOAD ../BUILD/NRF52_DK/GCC_ARM/mbed-os/targets/TARGET_NORDIC/TARGET_NRF5/sdk/ble/ble_services/ble_dfu/ble_dfu.o
LOAD ../BUILD/NRF52_DK/GCC_ARM/mbed-os/targets/TARGET_NORDIC/TARGET_NRF5/sdk/ble/common/ble_advdata.o
LOAD ../BUILD/NRF52_DK/GCC_ARM/mbed-os/targets/TARGET_NORDIC/TARGET_NRF5/sdk/ble/common/ble_conn_state.o
LOAD ../BUILD/NRF52_DK/GCC_ARM/mbed-os/targets/TARGET_NORDIC/TARGET_NRF5/sdk/ble/common/ble_srv_common.o
LOAD ../BUILD/NRF52_DK/GCC_ARM/mbed-os/targets/TARGET_NORDIC/TARGET_NRF5/sdk/ble/device_manager/device_manager_peripheral.o
LOAD ../BUILD/NRF52_DK/GCC_ARM/mbed-os/targets/TARGET_NORDIC/TARGET_NRF5/sdk/ble/peer_manager/gatt_cache_manager.o
LOAD ../BUILD/NRF52_DK/GCC_ARM/mbed-os/targets/TARGET_NORDIC/TARGET_NRF5/sdk/ble/peer_manager/gattc_cache_manager.o
LOAD ../BUILD/NRF52_DK/GCC_ARM/mbed-os/targets/TARGET_NORDIC/TARGET_NRF5/sdk/ble/peer_manager/gatts_cache_manager.o
LOAD ../BUILD/NRF52_DK/GCC_ARM/mbed-os/targets/TARGET_NORDIC/TARGET_NRF5/sdk/ble/peer_manager/id_manager.o
LOAD ../BUILD/NRF52_DK/GCC_ARM/mbed-os/targets/TARGET_NORDIC/TARGET_NRF5/sdk/ble/peer_manager/peer_data.o
LOAD ../BUILD/NRF52_DK/GCC_ARM/mbed-os/targets/TARGET_NORDIC/TARGET_NRF5/sdk/ble/peer_manager/peer_data_storage.o
LOAD ../BUILD/NRF52_DK/GCC_ARM/mbed-os/targets/TARGET_NORDIC/TARGET_NRF5/sdk/ble/peer_manager/peer_database.o
LOAD ../BUILD/NRF52_DK/GCC_ARM/mbed-os/targets/TARGET_NORDIC/TARGET_NRF5/sdk/ble/peer_manager/peer_id.o
LOAD ../BUILD/NRF52_DK/GCC_ARM/mbed-os/targets/TARGET_NORDIC/TARGET_NRF5/sdk/ble/peer_manager/peer_manager.o
LOAD ../BUILD/NRF52_DK/GCC_ARM/mbed-os/targets/TARGET_NORDIC/TARGET_NRF5/sdk/ble/peer_manager/pm_buffer.o
LOAD ../BUILD/NRF52_DK/GCC_ARM/mbed-os/targets/TARGET_NORDIC/TARGET_NRF5/sdk/ble/peer_manager/pm_mutex.o
LOAD ../BUILD/NRF52_DK/GCC_ARM/mbed-os/targets/TARGET_NORDIC/TARGET_NRF5/sdk/ble/peer_manager/security_dispatcher.o
LOAD ../BUILD/NRF52_DK/GCC_ARM/mbed-os/targets/TARGET_NORDIC/TARGET_NRF5/sdk/ble/peer_manager/security_manager.o
LOAD ../BUILD/NRF52_DK/GCC_ARM/mbed-os/targets/TARGET_NORDIC/TARGET_NRF5/sdk/drivers_nrf/ble_flash/ble_flash.o
LOAD ../BUILD/NRF52_DK/GCC_ARM/mbed-os/targets/TARGET_NORDIC/TARGET_NRF5/sdk/drivers_nrf/clock/nrf_drv_clock.o
LOAD ../BUILD/NRF52_DK/GCC_ARM/mbed-os/targets/TARGET_NORDIC/TARGET_NRF5/sdk/drivers_nrf/common/nrf_drv_common.o
LOAD ../BUILD/NRF52_DK/GCC_ARM/mbed-os/targets/TARGET_NORDIC/TARGET_NRF5/sdk/drivers_nrf/delay/nrf_delay.o
LOAD ../BUILD/NRF52_DK/GCC_ARM/mbed-os/targets/TARGET_NORDIC/TARGET_NRF5/sdk/drivers_nrf/gpiote/nrf_drv_gpiote.o
LOAD ../BUILD/NRF52_DK/GCC_ARM/mbed-os/targets/TARGET_NORDIC/TARGET_NRF5/sdk/drivers_nrf/hal/nrf_adc.o
LOAD ../BUILD/NRF52_DK/GCC_ARM/mbed-os/targets/TARGET_NORDIC/TARGET_NRF5/sdk/drivers_nrf/hal/nrf_ecb.o
LOAD ../BUILD/NRF52_DK/GCC_ARM/mbed-os/targets/TARGET_NORDIC/TARGET_NRF5/sdk/drivers_nrf/hal/nrf_nvmc.o
LOAD ../BUILD/NRF52_DK/GCC_ARM/mbed-os/targets/TARGET_NORDIC/TARGET_NRF5/sdk/drivers_nrf/hal/nrf_saadc.o
LOAD ../BUILD/NRF52_DK/GCC_ARM/mbed-os/targets/TARGET_NORDIC/TARGET_NRF5/sdk/drivers_nrf/ppi/nrf_drv_ppi.o
LOAD ../BUILD/NRF52_DK/GCC_ARM/mbed-os/targets/TARGET_NORDIC/TARGET_NRF5/sdk/drivers_nrf/pstorage/pstorage.o
LOAD ../BUILD/NRF52_DK/GCC_ARM/mbed-os/targets/TARGET_NORDIC/TARGET_NRF5/sdk/drivers_nrf/spi_master/nrf_drv_spi.o
LOAD ../BUILD/NRF52_DK/GCC_ARM/mbed-os/targets/TARGET_NORDIC/TARGET_NRF5/sdk/drivers_nrf/spi_slave/nrf_drv_spis.o
LOAD ../BUILD/NRF52_DK/GCC_ARM/mbed-os/targets/TARGET_NORDIC/TARGET_NRF5/sdk/drivers_nrf/timer/nrf_drv_timer.o
LOAD ../BUILD/NRF52_DK/GCC_ARM/mbed-os/targets/TARGET_NORDIC/TARGET_NRF5/sdk/libraries/bootloader_dfu/bootloader_util.o
LOAD ../BUILD/NRF52_DK/GCC_ARM/mbed-os/targets/TARGET_NORDIC/TARGET_NRF5/sdk/libraries/bootloader_dfu/dfu_app_handler.o
LOAD ../BUILD/NRF52_DK/GCC_ARM/mbed-os/targets/TARGET_NORDIC/TARGET_NRF5/sdk/libraries/bootloader_dfu/dfu_init_template.o
LOAD ../BUILD/NRF52_DK/GCC_ARM/mbed-os/targets/TARGET_NORDIC/TARGET_NRF5/sdk/libraries/crc16/crc16.o
LOAD ../BUILD/NRF52_DK/GCC_ARM/mbed-os/targets/TARGET_NORDIC/TARGET_NRF5/sdk/libraries/fds/fds.o
LOAD ../BUILD/NRF52_DK/GCC_ARM/mbed-os/targets/TARGET_NORDIC/TARGET_NRF5/sdk/libraries/fstorage/fstorage.o
LOAD ../BUILD/NRF52_DK/GCC_ARM/mbed-os/targets/TARGET_NORDIC/TARGET_NRF5/sdk/libraries/fstorage/fstorage_nosd.o
LOAD ../BUILD/NRF52_DK/GCC_ARM/mbed-os/targets/TARGET_NORDIC/TARGET_NRF5/sdk/libraries/hci/hci_mem_pool.o
LOAD ../BUILD/NRF52_DK/GCC_ARM/mbed-os/targets/TARGET_NORDIC/TARGET_NRF5/sdk/libraries/pwm/app_pwm.o
LOAD ../BUILD/NRF52_DK/GCC_ARM/mbed-os/targets/TARGET_NORDIC/TARGET_NRF5/sdk/libraries/scheduler/app_scheduler.o
LOAD ../BUILD/NRF52_DK/GCC_ARM/mbed-os/targets/TARGET_NORDIC/TARGET_NRF5/sdk/libraries/trace/app_trace.o
LOAD ../BUILD/NRF52_DK/GCC_ARM/mbed-os/targets/TARGET_NORDIC/TARGET_NRF5/sdk/libraries/util/app_error.o
LOAD ../BUILD/NRF52_DK/GCC_ARM/mbed-os/targets/TARGET_NORDIC/TARGET_NRF5/sdk/libraries/util/app_error_weak.o
LOAD ../BUILD/NRF52_DK/GCC_ARM/mbed-os/targets/TARGET_NORDIC/TARGET_NRF5/sdk/libraries/util/app_util_platform.o
LOAD ../BUILD/NRF52_DK/GCC_ARM/mbed-os/targets/TARGET_NORDIC/TARGET_NRF5/sdk/libraries/util/nrf_assert.o
LOAD ../BUILD/NRF52_DK/GCC_ARM/mbed-os/targets/TARGET_NORDIC/TARGET_NRF5/sdk/libraries/util/nrf_log.o
LOAD ../BUILD/NRF52_DK/GCC_ARM/mbed-os/targets/TARGET_NORDIC/TARGET_NRF5/sdk/libraries/util/sdk_mapped_flags.o
LOAD ../BUILD/NRF52_DK/GCC_ARM/mbed-os/targets/TARGET_NORDIC/TARGET_NRF5/sdk/softdevice/common/softdevice_handler/softdevice_handler.o
LOAD ../BUILD/NRF52_DK/GCC_ARM/mbed-os/targets/TARGET_NORDIC/TARGET_NRF5/sdk/softdevice/common/softdevice_handler/softdevice_handler_appsh.o
LOAD ../BUILD/NRF52_DK/GCC_ARM/mbed-os/targets/TARGET_NORDIC/TARGET_NRF5/serial_api.o
LOAD ../BUILD/NRF52_DK/GCC_ARM/mbed-os/targets/TARGET_NORDIC/TARGET_NRF5/sleep.o
LOAD ../BUILD/NRF52_DK/GCC_ARM/mbed-os/targets/TARGET_NORDIC/TARGET_NRF5/spi_api.o
LOAD ../BUILD/NRF52_DK/GCC_ARM/mbed-os/targets/TARGET_NORDIC/TARGET_NRF5/us_ticker.o
LOAD ../BUILD/NRF52_DK/GCC_ARM/source/main.o
START GROUP
LOAD c:/program files (x86)/gnu tools arm embedded/4.9 2015q3/bin/../lib/gcc/arm-none-eabi/4.9.3/../../../../arm-none-eabi/lib/armv7e-m/softfp\libstdc++.a
LOAD c:/program files (x86)/gnu tools arm embedded/4.9 2015q3/bin/../lib/gcc/arm-none-eabi/4.9.3/../../../../arm-none-eabi/lib/armv7e-m/softfp\libsupc++.a
LOAD c:/program files (x86)/gnu tools arm embedded/4.9 2015q3/bin/../lib/gcc/arm-none-eabi/4.9.3/../../../../arm-none-eabi/lib/armv7e-m/softfp\libm.a
LOAD c:/program files (x86)/gnu tools arm embedded/4.9 2015q3/bin/../lib/gcc/arm-none-eabi/4.9.3/../../../../arm-none-eabi/lib/armv7e-m/softfp\libc.a
LOAD c:/program files (x86)/gnu tools arm embedded/4.9 2015q3/bin/../lib/gcc/arm-none-eabi/4.9.3/armv7e-m/softfp\libgcc.a
LOAD c:/program files (x86)/gnu tools arm embedded/4.9 2015q3/bin/../lib/gcc/arm-none-eabi/4.9.3/../../../../arm-none-eabi/lib/armv7e-m/softfp\libnosys.a
END GROUP
LOAD c:/program files (x86)/gnu tools arm embedded/4.9 2015q3/bin/../lib/gcc/arm-none-eabi/4.9.3/../../../../arm-none-eabi/lib/armv7e-m/softfp\libstdc++.a
LOAD c:/program files (x86)/gnu tools arm embedded/4.9 2015q3/bin/../lib/gcc/arm-none-eabi/4.9.3/../../../../arm-none-eabi/lib/armv7e-m/softfp\libsupc++.a
LOAD c:/program files (x86)/gnu tools arm embedded/4.9 2015q3/bin/../lib/gcc/arm-none-eabi/4.9.3/../../../../arm-none-eabi/lib/armv7e-m/softfp\libm.a
LOAD c:/program files (x86)/gnu tools arm embedded/4.9 2015q3/bin/../lib/gcc/arm-none-eabi/4.9.3/../../../../arm-none-eabi/lib/armv7e-m/softfp\libc.a
LOAD c:/program files (x86)/gnu tools arm embedded/4.9 2015q3/bin/../lib/gcc/arm-none-eabi/4.9.3/armv7e-m/softfp\libgcc.a
LOAD c:/program files (x86)/gnu tools arm embedded/4.9 2015q3/bin/../lib/gcc/arm-none-eabi/4.9.3/../../../../arm-none-eabi/lib/armv7e-m/softfp\libnosys.a
START GROUP
LOAD c:/program files (x86)/gnu tools arm embedded/4.9 2015q3/bin/../lib/gcc/arm-none-eabi/4.9.3/armv7e-m/softfp\libgcc.a
LOAD c:/program files (x86)/gnu tools arm embedded/4.9 2015q3/bin/../lib/gcc/arm-none-eabi/4.9.3/../../../../arm-none-eabi/lib/armv7e-m/softfp\libc.a
END GROUP
LOAD c:/program files (x86)/gnu tools arm embedded/4.9 2015q3/bin/../lib/gcc/arm-none-eabi/4.9.3/armv7e-m/softfp/crtend.o
LOAD c:/program files (x86)/gnu tools arm embedded/4.9 2015q3/bin/../lib/gcc/arm-none-eabi/4.9.3/armv7e-m/softfp/crtn.o

.text           0x0001c000    0x194c4
 *(.Vectors)
 .Vectors       0x0001c000       0xdc ../BUILD/NRF52_DK/GCC_ARM/mbed-os/targets/TARGET_NORDIC/TARGET_NRF5/TARGET_MCU_NRF52832/device/TOOLCHAIN_GCC_ARM/startup_NRF52832.o
                0x0001c000                __Vectors
 *(.text*)
 .text          0x0001c0dc       0x5c c:/program files (x86)/gnu tools arm embedded/4.9 2015q3/bin/../lib/gcc/arm-none-eabi/4.9.3/armv7e-m/softfp/crtbegin.o
 .text          0x0001c138       0x74 c:/program files (x86)/gnu tools arm embedded/4.9 2015q3/bin/../lib/gcc/arm-none-eabi/4.9.3/../../../../arm-none-eabi/lib/armv7e-m/softfp/crt0.o
                0x0001c138                _start
                0x0001c138                _mainCRTStartup
 .text._ZN4mbed8FileBase11getPathTypeEv
                0x0001c1ac        0x4 ../BUILD/NRF52_DK/GCC_ARM/mbed-os/drivers/FileBase.o
                0x0001c1ac                mbed::FileBase::getPathType()
 .text._ZN12SingletonPtrIN4rtos5MutexEE3getEv
                0x0001c1b0       0x4c ../BUILD/NRF52_DK/GCC_ARM/mbed-os/drivers/FileBase.o
                0x0001c1b0                SingletonPtr<rtos::Mutex>::get()
 .text._ZN4mbed8FileBaseC2EPKcNS_8PathTypeE
                0x0001c1fc       0x48 ../BUILD/NRF52_DK/GCC_ARM/mbed-os/drivers/FileBase.o
                0x0001c1fc                mbed::FileBase::FileBase(char const*, mbed::PathType)
                0x0001c1fc                mbed::FileBase::FileBase(char const*, mbed::PathType)
 .text._ZN4mbed8FileBaseD2Ev
                0x0001c244       0x5c ../BUILD/NRF52_DK/GCC_ARM/mbed-os/drivers/FileBase.o
                0x0001c244                mbed::FileBase::~FileBase()
                0x0001c244                mbed::FileBase::~FileBase()
 .text._ZN4mbed8FileBaseD0Ev
                0x0001c2a0       0x12 ../BUILD/NRF52_DK/GCC_ARM/mbed-os/drivers/FileBase.o
                0x0001c2a0                mbed::FileBase::~FileBase()
 *fill*         0x0001c2b2        0x2 
 .text._ZN4mbed8FileBase6lookupEPKcj
                0x0001c2b4       0x4c ../BUILD/NRF52_DK/GCC_ARM/mbed-os/drivers/FileBase.o
                0x0001c2b4                mbed::FileBase::lookup(char const*, unsigned int)
 .text._ZN4mbed8FilePathC2EPKc
                0x0001c300       0x3c ../BUILD/NRF52_DK/GCC_ARM/mbed-os/drivers/FilePath.o
                0x0001c300                mbed::FilePath::FilePath(char const*)
                0x0001c300                mbed::FilePath::FilePath(char const*)
 .text._ZN4mbed8FilePath8fileNameEv
                0x0001c33c        0x4 ../BUILD/NRF52_DK/GCC_ARM/mbed-os/drivers/FilePath.o
                0x0001c33c                mbed::FilePath::fileName()
 .text._ZN4mbed8FilePath12isFileSystemEv
                0x0001c340       0x12 ../BUILD/NRF52_DK/GCC_ARM/mbed-os/drivers/FilePath.o
                0x0001c340                mbed::FilePath::isFileSystem()
 .text._ZN4mbed8FilePath10fileSystemEv
                0x0001c352        0xe ../BUILD/NRF52_DK/GCC_ARM/mbed-os/drivers/FilePath.o
                0x0001c352                mbed::FilePath::fileSystem()
 .text._ZN4mbed8FilePath6isFileEv
                0x0001c360       0x12 ../BUILD/NRF52_DK/GCC_ARM/mbed-os/drivers/FilePath.o
                0x0001c360                mbed::FilePath::isFile()
 .text._ZN4mbed8FilePath4fileEv
                0x0001c372        0xe ../BUILD/NRF52_DK/GCC_ARM/mbed-os/drivers/FilePath.o
                0x0001c372                mbed::FilePath::file()
 .text._ZN4mbed8FilePath6existsEv
                0x0001c380        0xa ../BUILD/NRF52_DK/GCC_ARM/mbed-os/drivers/FilePath.o
                0x0001c380                mbed::FilePath::exists()
 .text._ZN4mbed8CallbackIFviEED2Ev
                0x0001c38a       0x10 ../BUILD/NRF52_DK/GCC_ARM/mbed-os/drivers/I2C.o
                0x0001c38a                mbed::Callback<void (int)>::~Callback()
                0x0001c38a                mbed::Callback<void (int)>::~Callback()
 .text._ZN4mbedL9donothingEv
                0x0001c39a        0x2 ../BUILD/NRF52_DK/GCC_ARM/mbed-os/drivers/InterruptIn.o
 .text._ZN4mbed8CallbackIFvvEE13function_callIPS1_EEvPKv
                0x0001c39c        0x4 ../BUILD/NRF52_DK/GCC_ARM/mbed-os/drivers/InterruptIn.o
                0x0001c39c                void mbed::Callback<void ()>::function_call<void (*)()>(void const*)
 .text._ZN4mbed8CallbackIFvvEE13function_moveIPS1_EEvPvPKv
                0x0001c3a0        0x8 ../BUILD/NRF52_DK/GCC_ARM/mbed-os/drivers/InterruptIn.o
                0x0001c3a0                void mbed::Callback<void ()>::function_move<void (*)()>(void*, void const*)
 .text._ZN4mbed8CallbackIFvvEE13function_dtorIPS1_EEvPv
                0x0001c3a8        0x2 ../BUILD/NRF52_DK/GCC_ARM/mbed-os/drivers/InterruptIn.o
                0x0001c3a8                void mbed::Callback<void ()>::function_dtor<void (*)()>(void*)
 .text._ZN4mbed8CallbackIFvvEED2Ev
                0x0001c3aa       0x10 ../BUILD/NRF52_DK/GCC_ARM/mbed-os/drivers/InterruptIn.o
                0x0001c3aa                mbed::Callback<void ()>::~Callback()
                0x0001c3aa                mbed::Callback<void ()>::~Callback()
 *fill*         0x0001c3ba        0x2 
 .text._ZN4mbed11InterruptInD2Ev
                0x0001c3bc       0x28 ../BUILD/NRF52_DK/GCC_ARM/mbed-os/drivers/InterruptIn.o
                0x0001c3bc                mbed::InterruptIn::~InterruptIn()
                0x0001c3bc                mbed::InterruptIn::~InterruptIn()
 .text._ZN4mbed11InterruptInD0Ev
                0x0001c3e4       0x12 ../BUILD/NRF52_DK/GCC_ARM/mbed-os/drivers/InterruptIn.o
                0x0001c3e4                mbed::InterruptIn::~InterruptIn()
 .text._ZN4mbed8CallbackIFvvEEaSERKS2_
                0x0001c3f6       0x24 ../BUILD/NRF52_DK/GCC_ARM/mbed-os/drivers/InterruptIn.o
                0x0001c3f6                mbed::Callback<void ()>::operator=(mbed::Callback<void ()> const&)
 *fill*         0x0001c41a        0x2 
 .text._ZN4mbed11InterruptInC2E7PinName
                0x0001c41c       0x6c ../BUILD/NRF52_DK/GCC_ARM/mbed-os/drivers/InterruptIn.o
                0x0001c41c                mbed::InterruptIn::InterruptIn(PinName)
                0x0001c41c                mbed::InterruptIn::InterruptIn(PinName)
 .text._ZN4mbed11InterruptIn4riseENS_8CallbackIFvvEEE
                0x0001c488       0x50 ../BUILD/NRF52_DK/GCC_ARM/mbed-os/drivers/InterruptIn.o
                0x0001c488                mbed::InterruptIn::rise(mbed::Callback<void ()>)
 .text._ZN4mbed11InterruptIn4fallENS_8CallbackIFvvEEE
                0x0001c4d8       0x50 ../BUILD/NRF52_DK/GCC_ARM/mbed-os/drivers/InterruptIn.o
                0x0001c4d8                mbed::InterruptIn::fall(mbed::Callback<void ()>)
 .text._ZNK4mbed8CallbackIFvvEE4callEv
                0x0001c528       0x28 ../BUILD/NRF52_DK/GCC_ARM/mbed-os/drivers/InterruptIn.o
                0x0001c528                mbed::Callback<void ()>::call() const
 .text._ZN4mbed11InterruptIn12_irq_handlerEm14gpio_irq_event
                0x0001c550       0x18 ../BUILD/NRF52_DK/GCC_ARM/mbed-os/drivers/InterruptIn.o
                0x0001c550                mbed::InterruptIn::_irq_handler(unsigned long, gpio_irq_event)
 .text._ZN4mbed10SerialBaseD2Ev
                0x0001c568       0x40 ../BUILD/NRF52_DK/GCC_ARM/mbed-os/drivers/RawSerial.o
                0x0001c568                mbed::SerialBase::~SerialBase()
                0x0001c568                mbed::SerialBase::~SerialBase()
 .text._ZN4mbed10SerialBaseD0Ev
                0x0001c5a8       0x12 ../BUILD/NRF52_DK/GCC_ARM/mbed-os/drivers/RawSerial.o
                0x0001c5a8                mbed::SerialBase::~SerialBase()
 .text._ZN4mbed8FileLike5lseekEli
                0x0001c5ba        0x6 ../BUILD/NRF52_DK/GCC_ARM/mbed-os/drivers/Serial.o
                0x0001c5ba                mbed::FileLike::lseek(long, int)
 .text._ZN4mbed8FileLike5fsyncEv
                0x0001c5c0        0x6 ../BUILD/NRF52_DK/GCC_ARM/mbed-os/drivers/Serial.o
                0x0001c5c0                mbed::FileLike::fsync()
 .text._ZN4mbed8FileLike4flenEv
                0x0001c5c6        0x6 ../BUILD/NRF52_DK/GCC_ARM/mbed-os/drivers/Serial.o
                0x0001c5c6                mbed::FileLike::flen()
 .text._ZN4mbed6Serial5_getcEv
                0x0001c5cc        0x4 ../BUILD/NRF52_DK/GCC_ARM/mbed-os/drivers/Serial.o
                0x0001c5cc                mbed::Serial::_getc()
 .text._ZThn152_N4mbed6Serial5_getcEv
                0x0001c5d0        0x8 ../BUILD/NRF52_DK/GCC_ARM/mbed-os/drivers/Serial.o
                0x0001c5d0                non-virtual thunk to mbed::Serial::_getc()
 .text._ZN4mbed6Serial5_putcEi
                0x0001c5d8        0x4 ../BUILD/NRF52_DK/GCC_ARM/mbed-os/drivers/Serial.o
                0x0001c5d8                mbed::Serial::_putc(int)
 .text._ZThn152_N4mbed6Serial5_putcEi
                0x0001c5dc        0x8 ../BUILD/NRF52_DK/GCC_ARM/mbed-os/drivers/Serial.o
                0x0001c5dc                non-virtual thunk to mbed::Serial::_putc(int)
 .text._ZN4mbed6Serial4lockEv
                0x0001c5e4        0xa ../BUILD/NRF52_DK/GCC_ARM/mbed-os/drivers/Serial.o
                0x0001c5e4                mbed::Serial::lock()
 .text._ZThn152_N4mbed6Serial4lockEv
                0x0001c5ee        0x8 ../BUILD/NRF52_DK/GCC_ARM/mbed-os/drivers/Serial.o
                0x0001c5ee                non-virtual thunk to mbed::Serial::lock()
 .text._ZN4mbed6Serial6unlockEv
                0x0001c5f6        0x6 ../BUILD/NRF52_DK/GCC_ARM/mbed-os/drivers/Serial.o
                0x0001c5f6                mbed::Serial::unlock()
 .text._ZThn152_N4mbed6Serial6unlockEv
                0x0001c5fc        0x8 ../BUILD/NRF52_DK/GCC_ARM/mbed-os/drivers/Serial.o
                0x0001c5fc                non-virtual thunk to mbed::Serial::unlock()
 .text._ZN4mbed6SerialC2E7PinNameS1_PKci
                0x0001c604       0x34 ../BUILD/NRF52_DK/GCC_ARM/mbed-os/drivers/Serial.o
                0x0001c604                mbed::Serial::Serial(PinName, PinName, char const*, int)
                0x0001c604                mbed::Serial::Serial(PinName, PinName, char const*, int)
 .text._ZN4mbed6SerialD2Ev
                0x0001c638       0x30 ../BUILD/NRF52_DK/GCC_ARM/mbed-os/drivers/Serial.o
                0x0001c638                mbed::Serial::~Serial()
                0x0001c638                mbed::Serial::~Serial()
 .text._ZN4mbed6SerialD1Ev
                0x0001c668        0x8 ../BUILD/NRF52_DK/GCC_ARM/mbed-os/drivers/Serial.o
                0x0001c668                non-virtual thunk to mbed::Serial::~Serial()
 .text._ZN4mbed6SerialD0Ev
                0x0001c670       0x18 ../BUILD/NRF52_DK/GCC_ARM/mbed-os/drivers/Serial.o
                0x0001c670                mbed::Serial::~Serial()
                0x0001c682                non-virtual thunk to mbed::Serial::~Serial()
 .text._ZN4mbedL9donothingEv
                0x0001c688        0x2 ../BUILD/NRF52_DK/GCC_ARM/mbed-os/drivers/SerialBase.o
 .text._ZN4mbed10SerialBase4lockEv
                0x0001c68a        0x2 ../BUILD/NRF52_DK/GCC_ARM/mbed-os/drivers/SerialBase.o
                0x0001c68a                mbed::SerialBase::lock()
 .text._ZN4mbed10SerialBase6unlockEv
                0x0001c68c        0x2 ../BUILD/NRF52_DK/GCC_ARM/mbed-os/drivers/SerialBase.o
                0x0001c68c                mbed::SerialBase::unlock()
 .text._ZN6CThunkIN4mbed10SerialBaseEE10trampolineEPS1_PvPMS1_FvS4_E
                0x0001c68e       0x28 ../BUILD/NRF52_DK/GCC_ARM/mbed-os/drivers/SerialBase.o
                0x0001c68e                CThunk<mbed::SerialBase>::trampoline(mbed::SerialBase*, void*, void (mbed::SerialBase::**)(void*))
 *fill*         0x0001c6b6        0x2 
 .text._ZN4mbed10SerialBase12_irq_handlerEm9SerialIrq
                0x0001c6b8       0x38 ../BUILD/NRF52_DK/GCC_ARM/mbed-os/drivers/SerialBase.o
                0x0001c6b8                mbed::SerialBase::_irq_handler(unsigned long, SerialIrq)
 .text._ZN4mbed10SerialBase10_base_getcEv
                0x0001c6f0        0x6 ../BUILD/NRF52_DK/GCC_ARM/mbed-os/drivers/SerialBase.o
                0x0001c6f0                mbed::SerialBase::_base_getc()
 .text._ZN4mbed10SerialBase10_base_putcEi
                0x0001c6f6        0xe ../BUILD/NRF52_DK/GCC_ARM/mbed-os/drivers/SerialBase.o
                0x0001c6f6                mbed::SerialBase::_base_putc(int)
 .text._ZN4mbed10SerialBaseC2E7PinNameS1_i
                0x0001c704       0xd0 ../BUILD/NRF52_DK/GCC_ARM/mbed-os/drivers/SerialBase.o
                0x0001c704                mbed::SerialBase::SerialBase(PinName, PinName, int)
                0x0001c704                mbed::SerialBase::SerialBase(PinName, PinName, int)
 .text._ZN4mbed8FileLike4lockEv
                0x0001c7d4        0x2 ../BUILD/NRF52_DK/GCC_ARM/mbed-os/drivers/Stream.o
                0x0001c7d4                mbed::FileLike::lock()
 .text._ZN4mbed8FileLike6unlockEv
                0x0001c7d6        0x2 ../BUILD/NRF52_DK/GCC_ARM/mbed-os/drivers/Stream.o
                0x0001c7d6                mbed::FileLike::unlock()
 .text._ZN4mbed6Stream5closeEv
                0x0001c7d8        0x4 ../BUILD/NRF52_DK/GCC_ARM/mbed-os/drivers/Stream.o
                0x0001c7d8                mbed::Stream::close()
 .text._ZN4mbed6Stream5writeEPKvj
                0x0001c7dc       0x32 ../BUILD/NRF52_DK/GCC_ARM/mbed-os/drivers/Stream.o
                0x0001c7dc                mbed::Stream::write(void const*, unsigned int)
 .text._ZN4mbed6Stream4readEPvj
                0x0001c80e       0x32 ../BUILD/NRF52_DK/GCC_ARM/mbed-os/drivers/Stream.o
                0x0001c80e                mbed::Stream::read(void*, unsigned int)
 .text._ZN4mbed6Stream4seekEli
                0x0001c840        0x4 ../BUILD/NRF52_DK/GCC_ARM/mbed-os/drivers/Stream.o
                0x0001c840                mbed::Stream::seek(long, int)
 .text._ZN4mbed6Stream4tellEv
                0x0001c844        0x4 ../BUILD/NRF52_DK/GCC_ARM/mbed-os/drivers/Stream.o
                0x0001c844                mbed::Stream::tell()
 .text._ZN4mbed6Stream6rewindEv
                0x0001c848        0x2 ../BUILD/NRF52_DK/GCC_ARM/mbed-os/drivers/Stream.o
                0x0001c848                mbed::Stream::rewind()
 .text._ZN4mbed6Stream6isattyEv
                0x0001c84a        0x4 ../BUILD/NRF52_DK/GCC_ARM/mbed-os/drivers/Stream.o
                0x0001c84a                mbed::Stream::isatty()
 .text._ZN4mbed6Stream4syncEv
                0x0001c84e        0x4 ../BUILD/NRF52_DK/GCC_ARM/mbed-os/drivers/Stream.o
                0x0001c84e                mbed::Stream::sync()
 .text._ZN4mbed6Stream4sizeEv
                0x0001c852        0x4 ../BUILD/NRF52_DK/GCC_ARM/mbed-os/drivers/Stream.o
                0x0001c852                mbed::Stream::size()
 *fill*         0x0001c856        0x2 
 .text._ZN4mbed6StreamC2EPKc
                0x0001c858       0x3c ../BUILD/NRF52_DK/GCC_ARM/mbed-os/drivers/Stream.o
                0x0001c858                mbed::Stream::Stream(char const*)
                0x0001c858                mbed::Stream::Stream(char const*)
 .text._ZN4mbed6StreamD2Ev
                0x0001c894       0x24 ../BUILD/NRF52_DK/GCC_ARM/mbed-os/drivers/Stream.o
                0x0001c894                mbed::Stream::~Stream()
                0x0001c894                mbed::Stream::~Stream()
 .text._ZN4mbed6Ticker7handlerEv
                0x0001c8b8       0x38 ../BUILD/NRF52_DK/GCC_ARM/mbed-os/drivers/Ticker.o
                0x0001c8b8                mbed::Ticker::handler()
 .text._ZN4mbed6Ticker5setupEm
                0x0001c8f0       0x28 ../BUILD/NRF52_DK/GCC_ARM/mbed-os/drivers/Ticker.o
                0x0001c8f0                mbed::Ticker::setup(unsigned long)
 .text._ZN4mbed6Ticker6detachEv
                0x0001c918       0x42 ../BUILD/NRF52_DK/GCC_ARM/mbed-os/drivers/Ticker.o
                0x0001c918                mbed::Ticker::detach()
 *fill*         0x0001c95a        0x2 
 .text._ZN4mbed6TickerD2Ev
                0x0001c95c       0x24 ../BUILD/NRF52_DK/GCC_ARM/mbed-os/drivers/Ticker.o
                0x0001c95c                mbed::Ticker::~Ticker()
                0x0001c95c                mbed::Ticker::~Ticker()
 .text._ZN4mbed6TickerD0Ev
                0x0001c980       0x12 ../BUILD/NRF52_DK/GCC_ARM/mbed-os/drivers/Ticker.o
                0x0001c980                mbed::Ticker::~Ticker()
 *fill*         0x0001c992        0x2 
 .text._ZN4mbed7Timeout7handlerEv
                0x0001c994       0x2c ../BUILD/NRF52_DK/GCC_ARM/mbed-os/drivers/Timeout.o
                0x0001c994                mbed::Timeout::handler()
 .text._ZN4mbed7TimeoutD2Ev
                0x0001c9c0       0x14 ../BUILD/NRF52_DK/GCC_ARM/mbed-os/drivers/Timeout.o
                0x0001c9c0                mbed::Timeout::~Timeout()
                0x0001c9c0                mbed::Timeout::~Timeout()
 .text._ZN4mbed7TimeoutD0Ev
                0x0001c9d4       0x12 ../BUILD/NRF52_DK/GCC_ARM/mbed-os/drivers/Timeout.o
                0x0001c9d4                mbed::Timeout::~Timeout()
 .text._ZN4mbed5Timer5resetEv
                0x0001c9e6       0x1c ../BUILD/NRF52_DK/GCC_ARM/mbed-os/drivers/Timer.o
                0x0001c9e6                mbed::Timer::reset()
 .text._ZN4mbed5TimerC2Ev
                0x0001ca02       0x1c ../BUILD/NRF52_DK/GCC_ARM/mbed-os/drivers/Timer.o
                0x0001ca02                mbed::Timer::Timer()
                0x0001ca02                mbed::Timer::Timer()
 .text._ZN4mbed10TimerEvent3irqEm
                0x0001ca1e        0x6 ../BUILD/NRF52_DK/GCC_ARM/mbed-os/drivers/TimerEvent.o
                0x0001ca1e                mbed::TimerEvent::irq(unsigned long)
 .text._ZN4mbed10TimerEventC2Ev
                0x0001ca24       0x28 ../BUILD/NRF52_DK/GCC_ARM/mbed-os/drivers/TimerEvent.o
                0x0001ca24                mbed::TimerEvent::TimerEvent()
                0x0001ca24                mbed::TimerEvent::TimerEvent()
 .text._ZN4mbed10TimerEvent6insertEm
                0x0001ca4c        0xc ../BUILD/NRF52_DK/GCC_ARM/mbed-os/drivers/TimerEvent.o
                0x0001ca4c                mbed::TimerEvent::insert(unsigned long)
 .text._ZN4mbed10TimerEvent6removeEv
                0x0001ca58        0xa ../BUILD/NRF52_DK/GCC_ARM/mbed-os/drivers/TimerEvent.o
                0x0001ca58                mbed::TimerEvent::remove()
 *fill*         0x0001ca62        0x2 
 .text._ZN4mbed10TimerEventD2Ev
                0x0001ca64       0x14 ../BUILD/NRF52_DK/GCC_ARM/mbed-os/drivers/TimerEvent.o
                0x0001ca64                mbed::TimerEvent::~TimerEvent()
                0x0001ca64                mbed::TimerEvent::~TimerEvent()
 .text._ZNK9SafeBool_4base7trueTagEv
                0x0001ca78        0x2 ../BUILD/NRF52_DK/GCC_ARM/mbed-os/features/FEATURE_BLE/source/BLE.o
                0x0001ca78                SafeBool_::base::trueTag() const
 .text._ZN26FunctionPointerWithContextIPN3BLE32OnEventsToProcessCallbackContextEE14functioncallerEPKS3_S2_
                0x0001ca7a        0xa ../BUILD/NRF52_DK/GCC_ARM/mbed-os/features/FEATURE_BLE/source/BLE.o
                0x0001ca7a                FunctionPointerWithContext<BLE::OnEventsToProcessCallbackContext*>::functioncaller(FunctionPointerWithContext<BLE::OnEventsToProcessCallbackContext*> const*, BLE::OnEventsToProcessCallbackContext*)
 .text._ZN3BLE18initImplementationE26FunctionPointerWithContextIPNS_37InitializationCompleteCallbackContextEE
                0x0001ca84       0x2a ../BUILD/NRF52_DK/GCC_ARM/mbed-os/features/FEATURE_BLE/source/BLE.o
                0x0001ca84                BLE::initImplementation(FunctionPointerWithContext<BLE::InitializationCompleteCallbackContext*>)
 *fill*         0x0001caae        0x2 
 .text._ZN3BLEC2Ej
                0x0001cab0       0x40 ../BUILD/NRF52_DK/GCC_ARM/mbed-os/features/FEATURE_BLE/source/BLE.o
                0x0001cab0                BLE::BLE(unsigned int)
                0x0001cab0                BLE::BLE(unsigned int)
 .text._ZN3BLE8InstanceEj
                0x0001caf0       0x4c ../BUILD/NRF52_DK/GCC_ARM/mbed-os/features/FEATURE_BLE/source/BLE.o
                0x0001caf0                BLE::Instance(unsigned int)
 .text._ZN3BLE3gapEv
                0x0001cb3c       0x20 ../BUILD/NRF52_DK/GCC_ARM/mbed-os/features/FEATURE_BLE/source/BLE.o
                0x0001cb3c                BLE::gap()
 .text._ZN3BLE10gattServerEv
                0x0001cb5c       0x20 ../BUILD/NRF52_DK/GCC_ARM/mbed-os/features/FEATURE_BLE/source/BLE.o
                0x0001cb5c                BLE::gattServer()
 .text._ZN3BLE12waitForEventEv
                0x0001cb7c       0x20 ../BUILD/NRF52_DK/GCC_ARM/mbed-os/features/FEATURE_BLE/source/BLE.o
                0x0001cb7c                BLE::waitForEvent()
 .text._ZN3BLE21signalEventsToProcessEv
                0x0001cb9c       0x24 ../BUILD/NRF52_DK/GCC_ARM/mbed-os/features/FEATURE_BLE/source/BLE.o
                0x0001cb9c                BLE::signalEventsToProcess()
 .text._ZN15BLEInstanceBaseD2Ev
                0x0001cbc0        0x2 ../BUILD/NRF52_DK/GCC_ARM/mbed-os/features/FEATURE_BLE/source/BLEInstanceBase.o
                0x0001cbc0                BLEInstanceBase::~BLEInstanceBase()
                0x0001cbc0                BLEInstanceBase::~BLEInstanceBase()
 .text._ZN15BLEInstanceBase21signalEventsToProcessEj
                0x0001cbc2       0x10 ../BUILD/NRF52_DK/GCC_ARM/mbed-os/features/FEATURE_BLE/source/BLEInstanceBase.o
                0x0001cbc2                BLEInstanceBase::signalEventsToProcess(unsigned int)
 .text._ZN17GapScanningParamsC2Etttb
                0x0001cbd2       0x5c ../BUILD/NRF52_DK/GCC_ARM/mbed-os/features/FEATURE_BLE/source/GapScanningParams.o
                0x0001cbd2                GapScanningParams::GapScanningParams(unsigned short, unsigned short, unsigned short, bool)
                0x0001cbd2                GapScanningParams::GapScanningParams(unsigned short, unsigned short, unsigned short, bool)
 .text.sd_ble_gap_address_set
                0x0001cc2e        0x4 ../BUILD/NRF52_DK/GCC_ARM/mbed-os/features/FEATURE_BLE/targets/TARGET_NORDIC/TARGET_NRF5/source/btle/btle.o
 .text.sd_ble_gap_address_get
                0x0001cc32        0x4 ../BUILD/NRF52_DK/GCC_ARM/mbed-os/features/FEATURE_BLE/targets/TARGET_NORDIC/TARGET_NRF5/source/btle/btle.o
 .text._ZL16sys_evt_dispatchm
                0x0001cc36        0x4 ../BUILD/NRF52_DK/GCC_ARM/mbed-os/features/FEATURE_BLE/targets/TARGET_NORDIC/TARGET_NRF5/source/btle/btle.o
 *fill*         0x0001cc3a        0x2 
 .text._ZL11signalEventv
                0x0001cc3c       0x20 ../BUILD/NRF52_DK/GCC_ARM/mbed-os/features/FEATURE_BLE/targets/TARGET_NORDIC/TARGET_NRF5/source/btle/btle.o
 .text._ZL12btle_handlerP9ble_evt_t
                0x0001cc5c      0x230 ../BUILD/NRF52_DK/GCC_ARM/mbed-os/features/FEATURE_BLE/targets/TARGET_NORDIC/TARGET_NRF5/source/btle/btle.o
 .text.btle_init
                0x0001ce8c       0xac ../BUILD/NRF52_DK/GCC_ARM/mbed-os/features/FEATURE_BLE/targets/TARGET_NORDIC/TARGET_NRF5/source/btle/btle.o
                0x0001ce8c                btle_init
 .text._ZN4UUIDC2Et
                0x0001cf38       0x1c ../BUILD/NRF52_DK/GCC_ARM/mbed-os/features/FEATURE_BLE/targets/TARGET_NORDIC/TARGET_NRF5/source/btle/btle_discovery.o
                0x0001cf38                UUID::UUID(unsigned short)
                0x0001cf38                UUID::UUID(unsigned short)
 .text._ZNK4UUIDeqERKS_
                0x0001cf54       0x32 ../BUILD/NRF52_DK/GCC_ARM/mbed-os/features/FEATURE_BLE/targets/TARGET_NORDIC/TARGET_NRF5/source/btle/btle_discovery.o
                0x0001cf54                UUID::operator==(UUID const&) const
 *fill*         0x0001cf86        0x2 
 .text._ZN21nRF5xServiceDiscovery32terminateCharacteristicDiscoveryE11ble_error_t
                0x0001cf88      0x144 ../BUILD/NRF52_DK/GCC_ARM/mbed-os/features/FEATURE_BLE/targets/TARGET_NORDIC/TARGET_NRF5/source/btle/btle_discovery.o
                0x0001cf88                nRF5xServiceDiscovery::terminateCharacteristicDiscovery(ble_error_t)
 .text._Z20bleGattcEventHandlerPK9ble_evt_t
                0x0001d0cc      0x174 ../BUILD/NRF52_DK/GCC_ARM/mbed-os/features/FEATURE_BLE/targets/TARGET_NORDIC/TARGET_NRF5/source/btle/btle_discovery.o
                0x0001d0cc                bleGattcEventHandler(ble_evt_t const*)
 .text.sd_ble_gap_tx_power_set
                0x0001d240        0x4 ../BUILD/NRF52_DK/GCC_ARM/mbed-os/features/FEATURE_BLE/targets/TARGET_NORDIC/TARGET_NRF5/source/btle/btle_gap.o
 .text.sd_ble_gap_appearance_set
                0x0001d244        0x4 ../BUILD/NRF52_DK/GCC_ARM/mbed-os/features/FEATURE_BLE/targets/TARGET_NORDIC/TARGET_NRF5/source/btle/btle_gap.o
 .text.sd_ble_gap_ppcp_set
                0x0001d248        0x4 ../BUILD/NRF52_DK/GCC_ARM/mbed-os/features/FEATURE_BLE/targets/TARGET_NORDIC/TARGET_NRF5/source/btle/btle_gap.o
 .text.sd_ble_gap_device_name_set
                0x0001d24c        0x4 ../BUILD/NRF52_DK/GCC_ARM/mbed-os/features/FEATURE_BLE/targets/TARGET_NORDIC/TARGET_NRF5/source/btle/btle_gap.o
 .text._Z13btle_gap_initv
                0x0001d250       0x64 ../BUILD/NRF52_DK/GCC_ARM/mbed-os/features/FEATURE_BLE/targets/TARGET_NORDIC/TARGET_NRF5/source/btle/btle_gap.o
                0x0001d250                btle_gap_init()
 .text.sd_ble_gap_conn_sec_get
                0x0001d2b4        0x4 ../BUILD/NRF52_DK/GCC_ARM/mbed-os/features/FEATURE_BLE/targets/TARGET_NORDIC/TARGET_NRF5/source/btle/btle_security_pm.o
 .text.sd_ble_opt_set
                0x0001d2b8        0x4 ../BUILD/NRF52_DK/GCC_ARM/mbed-os/features/FEATURE_BLE/targets/TARGET_NORDIC/TARGET_NRF5/source/btle/btle_security_pm.o
 .text._ZL10pm_handlerPK8pm_evt_t
                0x0001d2bc      0x118 ../BUILD/NRF52_DK/GCC_ARM/mbed-os/features/FEATURE_BLE/targets/TARGET_NORDIC/TARGET_NRF5/source/btle/btle_security_pm.o
 .text._Z27btle_hasInitializedSecurityv
                0x0001d3d4        0xc ../BUILD/NRF52_DK/GCC_ARM/mbed-os/features/FEATURE_BLE/targets/TARGET_NORDIC/TARGET_NRF5/source/btle/btle_security_pm.o
                0x0001d3d4                btle_hasInitializedSecurity()
 .text._Z23btle_initializeSecuritybbN15SecurityManager24SecurityIOCapabilities_tEPKh
                0x0001d3e0       0x94 ../BUILD/NRF52_DK/GCC_ARM/mbed-os/features/FEATURE_BLE/targets/TARGET_NORDIC/TARGET_NRF5/source/btle/btle_security_pm.o
                0x0001d3e0                btle_initializeSecurity(bool, bool, SecurityManager::SecurityIOCapabilities_t, unsigned char const*)
 .text._Z25btle_purgeAllBondingStatev
                0x0001d474       0x28 ../BUILD/NRF52_DK/GCC_ARM/mbed-os/features/FEATURE_BLE/targets/TARGET_NORDIC/TARGET_NRF5/source/btle/btle_security_pm.o
                0x0001d474                btle_purgeAllBondingState()
 .text._Z20btle_getLinkSecuritytPN15SecurityManager20LinkSecurityStatus_tE
                0x0001d49c       0x58 ../BUILD/NRF52_DK/GCC_ARM/mbed-os/features/FEATURE_BLE/targets/TARGET_NORDIC/TARGET_NRF5/source/btle/btle_security_pm.o
                0x0001d49c                btle_getLinkSecurity(unsigned short, SecurityManager::LinkSecurityStatus_t*)
 .text._Z20btle_setLinkSecuritytN15SecurityManager14SecurityMode_tE
                0x0001d4f4       0x78 ../BUILD/NRF52_DK/GCC_ARM/mbed-os/features/FEATURE_BLE/targets/TARGET_NORDIC/TARGET_NRF5/source/btle/btle_security_pm.o
                0x0001d4f4                btle_setLinkSecurity(unsigned short, SecurityManager::SecurityMode_t)
 .text._Z33btle_createWhitelistFromBondTableP19ble_gap_whitelist_t
                0x0001d56c       0x28 ../BUILD/NRF52_DK/GCC_ARM/mbed-os/features/FEATURE_BLE/targets/TARGET_NORDIC/TARGET_NRF5/source/btle/btle_security_pm.o
                0x0001d56c                btle_createWhitelistFromBondTable(ble_gap_whitelist_t*)
 .text._Z23btle_matchAddressAndIrkPK14ble_gap_addr_tPK13ble_gap_irk_t
                0x0001d594        0x4 ../BUILD/NRF52_DK/GCC_ARM/mbed-os/features/FEATURE_BLE/targets/TARGET_NORDIC/TARGET_NRF5/source/btle/btle_security_pm.o
                0x0001d594                btle_matchAddressAndIrk(ble_gap_addr_t const*, ble_gap_irk_t const*)
 .text._Z30btle_generateResolvableAddressRK13ble_gap_irk_tR14ble_gap_addr_t
                0x0001d598       0x1a ../BUILD/NRF52_DK/GCC_ARM/mbed-os/features/FEATURE_BLE/targets/TARGET_NORDIC/TARGET_NRF5/source/btle/btle_security_pm.o
                0x0001d598                btle_generateResolvableAddress(ble_gap_irk_t const&, ble_gap_addr_t&)
 .text.sd_ble_gatts_characteristic_add
                0x0001d5b2        0x4 ../BUILD/NRF52_DK/GCC_ARM/mbed-os/features/FEATURE_BLE/targets/TARGET_NORDIC/TARGET_NRF5/source/btle/custom/custom_helper.o
 .text.sd_ble_gatts_descriptor_add
                0x0001d5b6        0x4 ../BUILD/NRF52_DK/GCC_ARM/mbed-os/features/FEATURE_BLE/targets/TARGET_NORDIC/TARGET_NRF5/source/btle/custom/custom_helper.o
 .text.sd_ble_uuid_vs_add
                0x0001d5ba        0x4 ../BUILD/NRF52_DK/GCC_ARM/mbed-os/features/FEATURE_BLE/targets/TARGET_NORDIC/TARGET_NRF5/source/btle/custom/custom_helper.o
 *fill*         0x0001d5be        0x2 
 .text.custom_reset_128bits_uuid_table
                0x0001d5c0        0xc ../BUILD/NRF52_DK/GCC_ARM/mbed-os/features/FEATURE_BLE/targets/TARGET_NORDIC/TARGET_NRF5/source/btle/custom/custom_helper.o
                0x0001d5c0                custom_reset_128bits_uuid_table
 .text.custom_add_uuid_base
                0x0001d5cc       0x2e ../BUILD/NRF52_DK/GCC_ARM/mbed-os/features/FEATURE_BLE/targets/TARGET_NORDIC/TARGET_NRF5/source/btle/custom/custom_helper.o
                0x0001d5cc                custom_add_uuid_base
 *fill*         0x0001d5fa        0x2 
 .text.custom_convert_to_nordic_uuid
                0x0001d5fc       0xb4 ../BUILD/NRF52_DK/GCC_ARM/mbed-os/features/FEATURE_BLE/targets/TARGET_NORDIC/TARGET_NRF5/source/btle/custom/custom_helper.o
                0x0001d5fc                custom_convert_to_nordic_uuid
 .text.custom_add_in_characteristic
                0x0001d6b0      0x1aa ../BUILD/NRF52_DK/GCC_ARM/mbed-os/features/FEATURE_BLE/targets/TARGET_NORDIC/TARGET_NRF5/source/btle/custom/custom_helper.o
                0x0001d6b0                custom_add_in_characteristic
 .text.custom_add_in_descriptor
                0x0001d85a       0x60 ../BUILD/NRF52_DK/GCC_ARM/mbed-os/features/FEATURE_BLE/targets/TARGET_NORDIC/TARGET_NRF5/source/btle/custom/custom_helper.o
                0x0001d85a                custom_add_in_descriptor
 .text.sd_ble_gattc_descriptors_discover
                0x0001d8ba        0x4 ../BUILD/NRF52_DK/GCC_ARM/mbed-os/features/FEATURE_BLE/targets/TARGET_NORDIC/TARGET_NRF5/source/nRF5xCharacteristicDescriptorDiscoverer.o
 .text.sd_ble_gattc_attr_info_discover
                0x0001d8be        0x4 ../BUILD/NRF52_DK/GCC_ARM/mbed-os/features/FEATURE_BLE/targets/TARGET_NORDIC/TARGET_NRF5/source/nRF5xCharacteristicDescriptorDiscoverer.o
 .text._ZN26FunctionPointerWithContextIPKN33CharacteristicDescriptorDiscovery25DiscoveryCallbackParams_tEE14functioncallerEPKS4_S3_
                0x0001d8c2        0xa ../BUILD/NRF52_DK/GCC_ARM/mbed-os/features/FEATURE_BLE/targets/TARGET_NORDIC/TARGET_NRF5/source/nRF5xCharacteristicDescriptorDiscoverer.o
                0x0001d8c2                FunctionPointerWithContext<CharacteristicDescriptorDiscovery::DiscoveryCallbackParams_t const*>::functioncaller(FunctionPointerWithContext<CharacteristicDescriptorDiscovery::DiscoveryCallbackParams_t const*> const*, CharacteristicDescriptorDiscovery::DiscoveryCallbackParams_t const*)
 .text._ZN26FunctionPointerWithContextIPKN33CharacteristicDescriptorDiscovery27TerminationCallbackParams_tEE14functioncallerEPKS4_S3_
                0x0001d8cc        0xa ../BUILD/NRF52_DK/GCC_ARM/mbed-os/features/FEATURE_BLE/targets/TARGET_NORDIC/TARGET_NRF5/source/nRF5xCharacteristicDescriptorDiscoverer.o
                0x0001d8cc                FunctionPointerWithContext<CharacteristicDescriptorDiscovery::TerminationCallbackParams_t const*>::functioncaller(FunctionPointerWithContext<CharacteristicDescriptorDiscovery::TerminationCallbackParams_t const*> const*, CharacteristicDescriptorDiscovery::TerminationCallbackParams_t const*)
 .text._ZeqRK24DiscoveredCharacteristicS1_
                0x0001d8d6       0x64 ../BUILD/NRF52_DK/GCC_ARM/mbed-os/features/FEATURE_BLE/targets/TARGET_NORDIC/TARGET_NRF5/source/nRF5xCharacteristicDescriptorDiscoverer.o
                0x0001d8d6                operator==(DiscoveredCharacteristic const&, DiscoveredCharacteristic const&)
 .text._ZNK39nRF5xCharacteristicDescriptorDiscoverer8isActiveERK24DiscoveredCharacteristic
                0x0001d93a       0x1a ../BUILD/NRF52_DK/GCC_ARM/mbed-os/features/FEATURE_BLE/targets/TARGET_NORDIC/TARGET_NRF5/source/nRF5xCharacteristicDescriptorDiscoverer.o
                0x0001d93a                nRF5xCharacteristicDescriptorDiscoverer::isActive(DiscoveredCharacteristic const&) const
 .text._ZN39nRF5xCharacteristicDescriptorDiscoverer26gattc_descriptors_discoverEttt
                0x0001d954       0x3a ../BUILD/NRF52_DK/GCC_ARM/mbed-os/features/FEATURE_BLE/targets/TARGET_NORDIC/TARGET_NRF5/source/nRF5xCharacteristicDescriptorDiscoverer.o
                0x0001d954                nRF5xCharacteristicDescriptorDiscoverer::gattc_descriptors_discover(unsigned short, unsigned short, unsigned short)
 .text._ZN39nRF5xCharacteristicDescriptorDiscoverer24gattc_attr_info_discoverEttt
                0x0001d98e       0x40 ../BUILD/NRF52_DK/GCC_ARM/mbed-os/features/FEATURE_BLE/targets/TARGET_NORDIC/TARGET_NRF5/source/nRF5xCharacteristicDescriptorDiscoverer.o
                0x0001d98e                nRF5xCharacteristicDescriptorDiscoverer::gattc_attr_info_discover(unsigned short, unsigned short, unsigned short)
 *fill*         0x0001d9ce        0x2 
 .text._ZN39nRF5xCharacteristicDescriptorDiscoverer9DiscoveryC2Ev
                0x0001d9d0       0x4c ../BUILD/NRF52_DK/GCC_ARM/mbed-os/features/FEATURE_BLE/targets/TARGET_NORDIC/TARGET_NRF5/source/nRF5xCharacteristicDescriptorDiscoverer.o
                0x0001d9d0                nRF5xCharacteristicDescriptorDiscoverer::Discovery::Discovery()
                0x0001d9d0                nRF5xCharacteristicDescriptorDiscoverer::Discovery::Discovery()
 .text._ZN39nRF5xCharacteristicDescriptorDiscovererC2Ev
                0x0001da1c       0x1c ../BUILD/NRF52_DK/GCC_ARM/mbed-os/features/FEATURE_BLE/targets/TARGET_NORDIC/TARGET_NRF5/source/nRF5xCharacteristicDescriptorDiscoverer.o
                0x0001da1c                nRF5xCharacteristicDescriptorDiscoverer::nRF5xCharacteristicDescriptorDiscoverer()
                0x0001da1c                nRF5xCharacteristicDescriptorDiscoverer::nRF5xCharacteristicDescriptorDiscoverer()
 .text._ZN39nRF5xCharacteristicDescriptorDiscoverer9DiscoveryC2ERK24DiscoveredCharacteristicRK26FunctionPointerWithContextIPKN33CharacteristicDescriptorDiscovery25DiscoveryCallbackParams_tEERKS4_IPKNS5_27TerminationCallbackParams_tEE
                0x0001da38       0x5e ../BUILD/NRF52_DK/GCC_ARM/mbed-os/features/FEATURE_BLE/targets/TARGET_NORDIC/TARGET_NRF5/source/nRF5xCharacteristicDescriptorDiscoverer.o
                0x0001da38                nRF5xCharacteristicDescriptorDiscoverer::Discovery::Discovery(DiscoveredCharacteristic const&, FunctionPointerWithContext<CharacteristicDescriptorDiscovery::DiscoveryCallbackParams_t const*> const&, FunctionPointerWithContext<CharacteristicDescriptorDiscovery::TerminationCallbackParams_t const*> const&)
                0x0001da38                nRF5xCharacteristicDescriptorDiscoverer::Discovery::Discovery(DiscoveredCharacteristic const&, FunctionPointerWithContext<CharacteristicDescriptorDiscovery::DiscoveryCallbackParams_t const*> const&, FunctionPointerWithContext<CharacteristicDescriptorDiscovery::TerminationCallbackParams_t const*> const&)
 .text._ZN39nRF5xCharacteristicDescriptorDiscoverer9Discovery7processEtRK4UUID
                0x0001da96       0x44 ../BUILD/NRF52_DK/GCC_ARM/mbed-os/features/FEATURE_BLE/targets/TARGET_NORDIC/TARGET_NRF5/source/nRF5xCharacteristicDescriptorDiscoverer.o
                0x0001da96                nRF5xCharacteristicDescriptorDiscoverer::Discovery::process(unsigned short, UUID const&)
 .text._ZN39nRF5xCharacteristicDescriptorDiscoverer9Discovery9terminateE11ble_error_t
                0x0001dada       0x16 ../BUILD/NRF52_DK/GCC_ARM/mbed-os/features/FEATURE_BLE/targets/TARGET_NORDIC/TARGET_NRF5/source/nRF5xCharacteristicDescriptorDiscoverer.o
                0x0001dada                nRF5xCharacteristicDescriptorDiscoverer::Discovery::terminate(ble_error_t)
 .text._ZN39nRF5xCharacteristicDescriptorDiscoverer9terminateEPNS_9DiscoveryE11ble_error_t
                0x0001daf0       0xc4 ../BUILD/NRF52_DK/GCC_ARM/mbed-os/features/FEATURE_BLE/targets/TARGET_NORDIC/TARGET_NRF5/source/nRF5xCharacteristicDescriptorDiscoverer.o
                0x0001daf0                nRF5xCharacteristicDescriptorDiscoverer::terminate(nRF5xCharacteristicDescriptorDiscoverer::Discovery*, ble_error_t)
 .text._ZNK39nRF5xCharacteristicDescriptorDiscoverer9Discovery7isEmptyEv
                0x0001dbb4       0x4c ../BUILD/NRF52_DK/GCC_ARM/mbed-os/features/FEATURE_BLE/targets/TARGET_NORDIC/TARGET_NRF5/source/nRF5xCharacteristicDescriptorDiscoverer.o
                0x0001dbb4                nRF5xCharacteristicDescriptorDiscoverer::Discovery::isEmpty() const
 .text._ZN39nRF5xCharacteristicDescriptorDiscoverer20findRunningDiscoveryERK24DiscoveredCharacteristic
                0x0001dc00       0x2a ../BUILD/NRF52_DK/GCC_ARM/mbed-os/features/FEATURE_BLE/targets/TARGET_NORDIC/TARGET_NRF5/source/nRF5xCharacteristicDescriptorDiscoverer.o
                0x0001dc00                nRF5xCharacteristicDescriptorDiscoverer::findRunningDiscovery(DiscoveredCharacteristic const&)
 .text._ZN39nRF5xCharacteristicDescriptorDiscoverer16requestTerminateERK24DiscoveredCharacteristic
                0x0001dc2a       0x1a ../BUILD/NRF52_DK/GCC_ARM/mbed-os/features/FEATURE_BLE/targets/TARGET_NORDIC/TARGET_NRF5/source/nRF5xCharacteristicDescriptorDiscoverer.o
                0x0001dc2a                nRF5xCharacteristicDescriptorDiscoverer::requestTerminate(DiscoveredCharacteristic const&)
 .text._ZN39nRF5xCharacteristicDescriptorDiscoverer20findRunningDiscoveryEt
                0x0001dc44       0x26 ../BUILD/NRF52_DK/GCC_ARM/mbed-os/features/FEATURE_BLE/targets/TARGET_NORDIC/TARGET_NRF5/source/nRF5xCharacteristicDescriptorDiscoverer.o
                0x0001dc44                nRF5xCharacteristicDescriptorDiscoverer::findRunningDiscovery(unsigned short)
 .text._ZN39nRF5xCharacteristicDescriptorDiscoverer17isConnectionInUseEt
                0x0001dc6a        0xe ../BUILD/NRF52_DK/GCC_ARM/mbed-os/features/FEATURE_BLE/targets/TARGET_NORDIC/TARGET_NRF5/source/nRF5xCharacteristicDescriptorDiscoverer.o
                0x0001dc6a                nRF5xCharacteristicDescriptorDiscoverer::isConnectionInUse(unsigned short)
 .text._ZN39nRF5xCharacteristicDescriptorDiscoverer9terminateEt11ble_error_t
                0x0001dc78       0x1c ../BUILD/NRF52_DK/GCC_ARM/mbed-os/features/FEATURE_BLE/targets/TARGET_NORDIC/TARGET_NRF5/source/nRF5xCharacteristicDescriptorDiscoverer.o
                0x0001dc78                nRF5xCharacteristicDescriptorDiscoverer::terminate(unsigned short, ble_error_t)
 .text._ZN39nRF5xCharacteristicDescriptorDiscoverer7processEtRK29ble_gattc_evt_desc_disc_rsp_t
                0x0001dc94       0x8c ../BUILD/NRF52_DK/GCC_ARM/mbed-os/features/FEATURE_BLE/targets/TARGET_NORDIC/TARGET_NRF5/source/nRF5xCharacteristicDescriptorDiscoverer.o
                0x0001dc94                nRF5xCharacteristicDescriptorDiscoverer::process(unsigned short, ble_gattc_evt_desc_disc_rsp_t const&)
 .text._ZN39nRF5xCharacteristicDescriptorDiscoverer27processAttributeInformationEtRK34ble_gattc_evt_attr_info_disc_rsp_t
                0x0001dd20       0xc6 ../BUILD/NRF52_DK/GCC_ARM/mbed-os/features/FEATURE_BLE/targets/TARGET_NORDIC/TARGET_NRF5/source/nRF5xCharacteristicDescriptorDiscoverer.o
                0x0001dd20                nRF5xCharacteristicDescriptorDiscoverer::processAttributeInformation(unsigned short, ble_gattc_evt_attr_info_disc_rsp_t const&)
 .text._ZN39nRF5xCharacteristicDescriptorDiscoverer25getAvailableDiscoverySlotEv
                0x0001dde6       0x1c ../BUILD/NRF52_DK/GCC_ARM/mbed-os/features/FEATURE_BLE/targets/TARGET_NORDIC/TARGET_NRF5/source/nRF5xCharacteristicDescriptorDiscoverer.o
                0x0001dde6                nRF5xCharacteristicDescriptorDiscoverer::getAvailableDiscoverySlot()
 .text._ZN39nRF5xCharacteristicDescriptorDiscoverer6launchERK24DiscoveredCharacteristicRK26FunctionPointerWithContextIPKN33CharacteristicDescriptorDiscovery25DiscoveryCallbackParams_tEERKS3_IPKNS4_27TerminationCallbackParams_tEE
                0x0001de02       0xae ../BUILD/NRF52_DK/GCC_ARM/mbed-os/features/FEATURE_BLE/targets/TARGET_NORDIC/TARGET_NRF5/source/nRF5xCharacteristicDescriptorDiscoverer.o
                0x0001de02                nRF5xCharacteristicDescriptorDiscoverer::launch(DiscoveredCharacteristic const&, FunctionPointerWithContext<CharacteristicDescriptorDiscovery::DiscoveryCallbackParams_t const*> const&, FunctionPointerWithContext<CharacteristicDescriptorDiscovery::TerminationCallbackParams_t const*> const&)
 .text._ZN29nRF5xDiscoveredCharacteristic5setupEP15nRF5xGattClientt21ble_gatt_char_props_ttt
                0x0001deb0       0x4a ../BUILD/NRF52_DK/GCC_ARM/mbed-os/features/FEATURE_BLE/targets/TARGET_NORDIC/TARGET_NRF5/source/nRF5xDiscoveredCharacteristic.o
                0x0001deb0                nRF5xDiscoveredCharacteristic::setup(nRF5xGattClient*, unsigned short, ble_gatt_char_props_t, unsigned short, unsigned short)
 .text._ZN29nRF5xDiscoveredCharacteristic5setupEP15nRF5xGattClienttt21ble_gatt_char_props_ttt
                0x0001defa       0x7a ../BUILD/NRF52_DK/GCC_ARM/mbed-os/features/FEATURE_BLE/targets/TARGET_NORDIC/TARGET_NRF5/source/nRF5xDiscoveredCharacteristic.o
                0x0001defa                nRF5xDiscoveredCharacteristic::setup(nRF5xGattClient*, unsigned short, unsigned short, ble_gatt_char_props_t, unsigned short, unsigned short)
 .text.sd_ble_gap_address_set
                0x0001df74        0x4 ../BUILD/NRF52_DK/GCC_ARM/mbed-os/features/FEATURE_BLE/targets/TARGET_NORDIC/TARGET_NRF5/source/nRF5xGap.o
 .text.sd_ble_gap_address_get
                0x0001df78        0x4 ../BUILD/NRF52_DK/GCC_ARM/mbed-os/features/FEATURE_BLE/targets/TARGET_NORDIC/TARGET_NRF5/source/nRF5xGap.o
 .text.sd_ble_gap_adv_data_set
                0x0001df7c        0x4 ../BUILD/NRF52_DK/GCC_ARM/mbed-os/features/FEATURE_BLE/targets/TARGET_NORDIC/TARGET_NRF5/source/nRF5xGap.o
 .text.sd_ble_gap_adv_start
                0x0001df80        0x4 ../BUILD/NRF52_DK/GCC_ARM/mbed-os/features/FEATURE_BLE/targets/TARGET_NORDIC/TARGET_NRF5/source/nRF5xGap.o
 .text.sd_ble_gap_adv_stop
                0x0001df84        0x4 ../BUILD/NRF52_DK/GCC_ARM/mbed-os/features/FEATURE_BLE/targets/TARGET_NORDIC/TARGET_NRF5/source/nRF5xGap.o
 .text.sd_ble_gap_conn_param_update
                0x0001df88        0x4 ../BUILD/NRF52_DK/GCC_ARM/mbed-os/features/FEATURE_BLE/targets/TARGET_NORDIC/TARGET_NRF5/source/nRF5xGap.o
 .text.sd_ble_gap_disconnect
                0x0001df8c        0x4 ../BUILD/NRF52_DK/GCC_ARM/mbed-os/features/FEATURE_BLE/targets/TARGET_NORDIC/TARGET_NRF5/source/nRF5xGap.o
 .text.sd_ble_gap_tx_power_set
                0x0001df90        0x4 ../BUILD/NRF52_DK/GCC_ARM/mbed-os/features/FEATURE_BLE/targets/TARGET_NORDIC/TARGET_NRF5/source/nRF5xGap.o
 .text.sd_ble_gap_appearance_set
                0x0001df94        0x4 ../BUILD/NRF52_DK/GCC_ARM/mbed-os/features/FEATURE_BLE/targets/TARGET_NORDIC/TARGET_NRF5/source/nRF5xGap.o
 .text.sd_ble_gap_appearance_get
                0x0001df98        0x4 ../BUILD/NRF52_DK/GCC_ARM/mbed-os/features/FEATURE_BLE/targets/TARGET_NORDIC/TARGET_NRF5/source/nRF5xGap.o
 .text.sd_ble_gap_ppcp_set
                0x0001df9c        0x4 ../BUILD/NRF52_DK/GCC_ARM/mbed-os/features/FEATURE_BLE/targets/TARGET_NORDIC/TARGET_NRF5/source/nRF5xGap.o
 .text.sd_ble_gap_ppcp_get
                0x0001dfa0        0x4 ../BUILD/NRF52_DK/GCC_ARM/mbed-os/features/FEATURE_BLE/targets/TARGET_NORDIC/TARGET_NRF5/source/nRF5xGap.o
 .text.sd_ble_gap_device_name_set
                0x0001dfa4        0x4 ../BUILD/NRF52_DK/GCC_ARM/mbed-os/features/FEATURE_BLE/targets/TARGET_NORDIC/TARGET_NRF5/source/nRF5xGap.o
 .text.sd_ble_gap_device_name_get
                0x0001dfa8        0x4 ../BUILD/NRF52_DK/GCC_ARM/mbed-os/features/FEATURE_BLE/targets/TARGET_NORDIC/TARGET_NRF5/source/nRF5xGap.o
 .text.sd_ble_gap_scan_start
                0x0001dfac        0x4 ../BUILD/NRF52_DK/GCC_ARM/mbed-os/features/FEATURE_BLE/targets/TARGET_NORDIC/TARGET_NRF5/source/nRF5xGap.o
 .text.sd_ble_gap_scan_stop
                0x0001dfb0        0x4 ../BUILD/NRF52_DK/GCC_ARM/mbed-os/features/FEATURE_BLE/targets/TARGET_NORDIC/TARGET_NRF5/source/nRF5xGap.o
 .text.sd_ble_gap_connect
                0x0001dfb4        0x4 ../BUILD/NRF52_DK/GCC_ARM/mbed-os/features/FEATURE_BLE/targets/TARGET_NORDIC/TARGET_NRF5/source/nRF5xGap.o
 .text._ZNK8nRF5xGap25getMinAdvertisingIntervalEv
                0x0001dfb8        0x4 ../BUILD/NRF52_DK/GCC_ARM/mbed-os/features/FEATURE_BLE/targets/TARGET_NORDIC/TARGET_NRF5/source/nRF5xGap.o
                0x0001dfb8                nRF5xGap::getMinAdvertisingInterval() const
 .text._ZNK8nRF5xGap39getMinNonConnectableAdvertisingIntervalEv
                0x0001dfbc        0x4 ../BUILD/NRF52_DK/GCC_ARM/mbed-os/features/FEATURE_BLE/targets/TARGET_NORDIC/TARGET_NRF5/source/nRF5xGap.o
                0x0001dfbc                nRF5xGap::getMinNonConnectableAdvertisingInterval() const
 .text._ZNK8nRF5xGap25getMaxAdvertisingIntervalEv
                0x0001dfc0        0x6 ../BUILD/NRF52_DK/GCC_ARM/mbed-os/features/FEATURE_BLE/targets/TARGET_NORDIC/TARGET_NRF5/source/nRF5xGap.o
                0x0001dfc0                nRF5xGap::getMaxAdvertisingInterval() const
 .text._ZN8nRF5xGap8stopScanEv
                0x0001dfc6       0x10 ../BUILD/NRF52_DK/GCC_ARM/mbed-os/features/FEATURE_BLE/targets/TARGET_NORDIC/TARGET_NRF5/source/nRF5xGap.o
                0x0001dfc6                nRF5xGap::stopScan()
 .text._ZN8nRF5xGap15stopAdvertisingEv
                0x0001dfd6       0x1c ../BUILD/NRF52_DK/GCC_ARM/mbed-os/features/FEATURE_BLE/targets/TARGET_NORDIC/TARGET_NRF5/source/nRF5xGap.o
                0x0001dfd6                nRF5xGap::stopAdvertising()
 .text._ZN8nRF5xGap10disconnectEtN3Gap21DisconnectionReason_tE
                0x0001dff2       0x1a ../BUILD/NRF52_DK/GCC_ARM/mbed-os/features/FEATURE_BLE/targets/TARGET_NORDIC/TARGET_NRF5/source/nRF5xGap.o
                0x0001dff2                nRF5xGap::disconnect(unsigned short, Gap::DisconnectionReason_t)
 .text._ZN8nRF5xGap10disconnectEN3Gap21DisconnectionReason_tE
                0x0001e00c       0x14 ../BUILD/NRF52_DK/GCC_ARM/mbed-os/features/FEATURE_BLE/targets/TARGET_NORDIC/TARGET_NRF5/source/nRF5xGap.o
                0x0001e00c                nRF5xGap::disconnect(Gap::DisconnectionReason_t)
 .text._ZN8nRF5xGap28getPreferredConnectionParamsEPN3Gap18ConnectionParams_tE
                0x0001e020       0x12 ../BUILD/NRF52_DK/GCC_ARM/mbed-os/features/FEATURE_BLE/targets/TARGET_NORDIC/TARGET_NRF5/source/nRF5xGap.o
                0x0001e020                nRF5xGap::getPreferredConnectionParams(Gap::ConnectionParams_t*)
 .text._ZN8nRF5xGap28setPreferredConnectionParamsEPKN3Gap18ConnectionParams_tE
                0x0001e032       0x12 ../BUILD/NRF52_DK/GCC_ARM/mbed-os/features/FEATURE_BLE/targets/TARGET_NORDIC/TARGET_NRF5/source/nRF5xGap.o
                0x0001e032                nRF5xGap::setPreferredConnectionParams(Gap::ConnectionParams_t const*)
 .text._ZN8nRF5xGap22updateConnectionParamsEtPKN3Gap18ConnectionParams_tE
                0x0001e044       0x14 ../BUILD/NRF52_DK/GCC_ARM/mbed-os/features/FEATURE_BLE/targets/TARGET_NORDIC/TARGET_NRF5/source/nRF5xGap.o
                0x0001e044                nRF5xGap::updateConnectionParams(unsigned short, Gap::ConnectionParams_t const*)
 .text._ZN8nRF5xGap13getDeviceNameEPhPj
                0x0001e058       0x14 ../BUILD/NRF52_DK/GCC_ARM/mbed-os/features/FEATURE_BLE/targets/TARGET_NORDIC/TARGET_NRF5/source/nRF5xGap.o
                0x0001e058                nRF5xGap::getDeviceName(unsigned char*, unsigned int*)
 .text._ZN8nRF5xGap13setAppearanceEN18GapAdvertisingData12Appearance_tE
                0x0001e06c       0x12 ../BUILD/NRF52_DK/GCC_ARM/mbed-os/features/FEATURE_BLE/targets/TARGET_NORDIC/TARGET_NRF5/source/nRF5xGap.o
                0x0001e06c                nRF5xGap::setAppearance(GapAdvertisingData::Appearance_t)
 .text._ZN8nRF5xGap13getAppearanceEPN18GapAdvertisingData12Appearance_tE
                0x0001e07e       0x12 ../BUILD/NRF52_DK/GCC_ARM/mbed-os/features/FEATURE_BLE/targets/TARGET_NORDIC/TARGET_NRF5/source/nRF5xGap.o
                0x0001e07e                nRF5xGap::getAppearance(GapAdvertisingData::Appearance_t*)
 .text._ZN8nRF5xGap10setTxPowerEa
                0x0001e090       0x14 ../BUILD/NRF52_DK/GCC_ARM/mbed-os/features/FEATURE_BLE/targets/TARGET_NORDIC/TARGET_NRF5/source/nRF5xGap.o
                0x0001e090                nRF5xGap::setTxPower(signed char)
 .text._ZN8nRF5xGap25getPermittedTxPowerValuesEPPKaPj
                0x0001e0a4       0x10 ../BUILD/NRF52_DK/GCC_ARM/mbed-os/features/FEATURE_BLE/targets/TARGET_NORDIC/TARGET_NRF5/source/nRF5xGap.o
                0x0001e0a4                nRF5xGap::getPermittedTxPowerValues(signed char const**, unsigned int*)
 .text._ZNK8nRF5xGap19getMaxWhitelistSizeEv
                0x0001e0b4        0x4 ../BUILD/NRF52_DK/GCC_ARM/mbed-os/features/FEATURE_BLE/targets/TARGET_NORDIC/TARGET_NRF5/source/nRF5xGap.o
                0x0001e0b4                nRF5xGap::getMaxWhitelistSize() const
 .text._ZN8nRF5xGap24setAdvertisingPolicyModeEN3Gap23AdvertisingPolicyMode_tE
                0x0001e0b8        0x8 ../BUILD/NRF52_DK/GCC_ARM/mbed-os/features/FEATURE_BLE/targets/TARGET_NORDIC/TARGET_NRF5/source/nRF5xGap.o
                0x0001e0b8                nRF5xGap::setAdvertisingPolicyMode(Gap::AdvertisingPolicyMode_t)
 .text._ZN8nRF5xGap21setScanningPolicyModeEN3Gap20ScanningPolicyMode_tE
                0x0001e0c0        0x8 ../BUILD/NRF52_DK/GCC_ARM/mbed-os/features/FEATURE_BLE/targets/TARGET_NORDIC/TARGET_NRF5/source/nRF5xGap.o
                0x0001e0c0                nRF5xGap::setScanningPolicyMode(Gap::ScanningPolicyMode_t)
 .text._ZN8nRF5xGap22setInitiatorPolicyModeEN3Gap21InitiatorPolicyMode_tE
                0x0001e0c8        0x4 ../BUILD/NRF52_DK/GCC_ARM/mbed-os/features/FEATURE_BLE/targets/TARGET_NORDIC/TARGET_NRF5/source/nRF5xGap.o
                0x0001e0c8                nRF5xGap::setInitiatorPolicyMode(Gap::InitiatorPolicyMode_t)
 .text._ZNK8nRF5xGap24getAdvertisingPolicyModeEv
                0x0001e0cc        0x6 ../BUILD/NRF52_DK/GCC_ARM/mbed-os/features/FEATURE_BLE/targets/TARGET_NORDIC/TARGET_NRF5/source/nRF5xGap.o
                0x0001e0cc                nRF5xGap::getAdvertisingPolicyMode() const
 .text._ZNK8nRF5xGap21getScanningPolicyModeEv
                0x0001e0d2        0x6 ../BUILD/NRF52_DK/GCC_ARM/mbed-os/features/FEATURE_BLE/targets/TARGET_NORDIC/TARGET_NRF5/source/nRF5xGap.o
                0x0001e0d2                nRF5xGap::getScanningPolicyMode() const
 .text._ZNK8nRF5xGap22getInitiatorPolicyModeEv
                0x0001e0d8        0x4 ../BUILD/NRF52_DK/GCC_ARM/mbed-os/features/FEATURE_BLE/targets/TARGET_NORDIC/TARGET_NRF5/source/nRF5xGap.o
                0x0001e0d8                nRF5xGap::getInitiatorPolicyMode() const
 .text._ZN26FunctionPointerWithContextIPKN3Gap29AdvertisementCallbackParams_tEE14functioncallerEPKS4_S3_
                0x0001e0dc        0xa ../BUILD/NRF52_DK/GCC_ARM/mbed-os/features/FEATURE_BLE/targets/TARGET_NORDIC/TARGET_NRF5/source/nRF5xGap.o
                0x0001e0dc                FunctionPointerWithContext<Gap::AdvertisementCallbackParams_t const*>::functioncaller(FunctionPointerWithContext<Gap::AdvertisementCallbackParams_t const*> const*, Gap::AdvertisementCallbackParams_t const*)
 .text._ZN26FunctionPointerWithContextIbE14functioncallerEPKS0_b
                0x0001e0e6        0xa ../BUILD/NRF52_DK/GCC_ARM/mbed-os/features/FEATURE_BLE/targets/TARGET_NORDIC/TARGET_NRF5/source/nRF5xGap.o
                0x0001e0e6                FunctionPointerWithContext<bool>::functioncaller(FunctionPointerWithContext<bool> const*, bool)
 .text._ZN8nRF5xGap29postRadioNotificationCallbackEv
                0x0001e0f0        0xc ../BUILD/NRF52_DK/GCC_ARM/mbed-os/features/FEATURE_BLE/targets/TARGET_NORDIC/TARGET_NRF5/source/nRF5xGap.o
                0x0001e0f0                nRF5xGap::postRadioNotificationCallback()
 .text._ZN4mbed8CallbackIFvvEE13function_moveINS2_14method_contextI8nRF5xGapMS5_FvvEEEEEvPvPKv
                0x0001e0fc        0xc ../BUILD/NRF52_DK/GCC_ARM/mbed-os/features/FEATURE_BLE/targets/TARGET_NORDIC/TARGET_NRF5/source/nRF5xGap.o
                0x0001e0fc                void mbed::Callback<void ()>::function_move<mbed::Callback<void ()>::method_context<nRF5xGap, void (nRF5xGap::*)()> >(void*, void const*)
 .text._ZN4mbed8CallbackIFvvEE13function_dtorINS2_14method_contextI8nRF5xGapMS5_FvvEEEEEvPv
                0x0001e108        0x2 ../BUILD/NRF52_DK/GCC_ARM/mbed-os/features/FEATURE_BLE/targets/TARGET_NORDIC/TARGET_NRF5/source/nRF5xGap.o
                0x0001e108                void mbed::Callback<void ()>::function_dtor<mbed::Callback<void ()>::method_context<nRF5xGap, void (nRF5xGap::*)()> >(void*)
 .text._ZN4mbed8CallbackIFvvEE13function_callINS2_14method_contextI8nRF5xGapMS5_FvvEEEEEvPKv
                0x0001e10a       0x1a ../BUILD/NRF52_DK/GCC_ARM/mbed-os/features/FEATURE_BLE/targets/TARGET_NORDIC/TARGET_NRF5/source/nRF5xGap.o
                0x0001e10a                void mbed::Callback<void ()>::function_call<mbed::Callback<void ()>::method_context<nRF5xGap, void (nRF5xGap::*)()> >(void const*)
 .text._ZN8nRF5xGap10setAddressEN11BLEProtocol11AddressType4TypeEPKh
                0x0001e124       0x36 ../BUILD/NRF52_DK/GCC_ARM/mbed-os/features/FEATURE_BLE/targets/TARGET_NORDIC/TARGET_NRF5/source/nRF5xGap.o
                0x0001e124                nRF5xGap::setAddress(BLEProtocol::AddressType::Type, unsigned char const*)
 .text._ZN8nRF5xGap10getAddressEPN11BLEProtocol11AddressType4TypeEPh
                0x0001e15a       0x2e ../BUILD/NRF52_DK/GCC_ARM/mbed-os/features/FEATURE_BLE/targets/TARGET_NORDIC/TARGET_NRF5/source/nRF5xGap.o
                0x0001e15a                nRF5xGap::getAddress(BLEProtocol::AddressType::Type*, unsigned char*)
 .text._ZNK8nRF5xGap12getWhitelistERN3Gap11Whitelist_tE
                0x0001e188       0x36 ../BUILD/NRF52_DK/GCC_ARM/mbed-os/features/FEATURE_BLE/targets/TARGET_NORDIC/TARGET_NRF5/source/nRF5xGap.o
                0x0001e188                nRF5xGap::getWhitelist(Gap::Whitelist_t&) const
 .text._ZN8nRF5xGap13setDeviceNameEPKh
                0x0001e1be       0x34 ../BUILD/NRF52_DK/GCC_ARM/mbed-os/features/FEATURE_BLE/targets/TARGET_NORDIC/TARGET_NRF5/source/nRF5xGap.o
                0x0001e1be                nRF5xGap::setDeviceName(unsigned char const*)
 *fill*         0x0001e1f2        0x2 
 .text._ZN8nRF5xGap21initRadioNotificationEv
                0x0001e1f4       0x1c ../BUILD/NRF52_DK/GCC_ARM/mbed-os/features/FEATURE_BLE/targets/TARGET_NORDIC/TARGET_NRF5/source/nRF5xGap.o
                0x0001e1f4                nRF5xGap::initRadioNotification()
 .text._ZN8nRF5xGap12setWhitelistERKN3Gap11Whitelist_tE
                0x0001e210       0x70 ../BUILD/NRF52_DK/GCC_ARM/mbed-os/features/FEATURE_BLE/targets/TARGET_NORDIC/TARGET_NRF5/source/nRF5xGap.o
                0x0001e210                nRF5xGap::setWhitelist(Gap::Whitelist_t const&)
 .text._ZN8nRF5xGap18setAdvertisingDataERK18GapAdvertisingDataS2_
                0x0001e280       0x2c ../BUILD/NRF52_DK/GCC_ARM/mbed-os/features/FEATURE_BLE/targets/TARGET_NORDIC/TARGET_NRF5/source/nRF5xGap.o
                0x0001e280                nRF5xGap::setAdvertisingData(GapAdvertisingData const&, GapAdvertisingData const&)
 .text._ZN3Gap5resetEv
                0x0001e2ac       0xfc ../BUILD/NRF52_DK/GCC_ARM/mbed-os/features/FEATURE_BLE/targets/TARGET_NORDIC/TARGET_NRF5/source/nRF5xGap.o
                0x0001e2ac                Gap::reset()
 .text._ZN8nRF5xGap5resetEv
                0x0001e3a8       0x24 ../BUILD/NRF52_DK/GCC_ARM/mbed-os/features/FEATURE_BLE/targets/TARGET_NORDIC/TARGET_NRF5/source/nRF5xGap.o
                0x0001e3a8                nRF5xGap::reset()
 .text._ZN8nRF5xGap19setConnectionHandleEt
                0x0001e3cc        0x6 ../BUILD/NRF52_DK/GCC_ARM/mbed-os/features/FEATURE_BLE/targets/TARGET_NORDIC/TARGET_NRF5/source/nRF5xGap.o
                0x0001e3cc                nRF5xGap::setConnectionHandle(unsigned short)
 .text._ZN8nRF5xGap19getConnectionHandleEv
                0x0001e3d2        0x6 ../BUILD/NRF52_DK/GCC_ARM/mbed-os/features/FEATURE_BLE/targets/TARGET_NORDIC/TARGET_NRF5/source/nRF5xGap.o
                0x0001e3d2                nRF5xGap::getConnectionHandle()
 .text._ZN8nRF5xGap22generateStackWhitelistER19ble_gap_whitelist_t
                0x0001e3d8       0xee ../BUILD/NRF52_DK/GCC_ARM/mbed-os/features/FEATURE_BLE/targets/TARGET_NORDIC/TARGET_NRF5/source/nRF5xGap.o
                0x0001e3d8                nRF5xGap::generateStackWhitelist(ble_gap_whitelist_t&)
 .text._ZN8nRF5xGap16startAdvertisingERK20GapAdvertisingParams
                0x0001e4c6       0x9e ../BUILD/NRF52_DK/GCC_ARM/mbed-os/features/FEATURE_BLE/targets/TARGET_NORDIC/TARGET_NRF5/source/nRF5xGap.o
                0x0001e4c6                nRF5xGap::startAdvertising(GapAdvertisingParams const&)
 .text._ZN8nRF5xGap14startRadioScanERK17GapScanningParams
                0x0001e564       0x6a ../BUILD/NRF52_DK/GCC_ARM/mbed-os/features/FEATURE_BLE/targets/TARGET_NORDIC/TARGET_NRF5/source/nRF5xGap.o
                0x0001e564                nRF5xGap::startRadioScan(GapScanningParams const&)
 .text._ZN8nRF5xGap7connectEPKhN11BLEProtocol11AddressType4TypeEPKN3Gap18ConnectionParams_tEPK17GapScanningParams
                0x0001e5ce       0xfa ../BUILD/NRF52_DK/GCC_ARM/mbed-os/features/FEATURE_BLE/targets/TARGET_NORDIC/TARGET_NRF5/source/nRF5xGap.o
                0x0001e5ce                nRF5xGap::connect(unsigned char const*, BLEProtocol::AddressType::Type, Gap::ConnectionParams_t const*, GapScanningParams const*)
 .text._Z31radioNotificationStaticCallbackb
                0x0001e6c8       0x68 ../BUILD/NRF52_DK/GCC_ARM/mbed-os/features/FEATURE_BLE/targets/TARGET_NORDIC/TARGET_NRF5/source/nRF5xGap.o
                0x0001e6c8                radioNotificationStaticCallback(bool)
 .text._ZN10GattClient16discoverServicesEt26FunctionPointerWithContextIPK17DiscoveredServiceEtt
                0x0001e730        0x4 ../BUILD/NRF52_DK/GCC_ARM/mbed-os/features/FEATURE_BLE/targets/TARGET_NORDIC/TARGET_NRF5/source/nRF5xGattClient.o
                0x0001e730                GattClient::discoverServices(unsigned short, FunctionPointerWithContext<DiscoveredService const*>, unsigned short, unsigned short)
 .text._ZNK10GattClient41isCharacteristicDescriptorDiscoveryActiveERK24DiscoveredCharacteristic
                0x0001e734        0x4 ../BUILD/NRF52_DK/GCC_ARM/mbed-os/features/FEATURE_BLE/targets/TARGET_NORDIC/TARGET_NRF5/source/nRF5xGattClient.o
                0x0001e734                GattClient::isCharacteristicDescriptorDiscoveryActive(DiscoveredCharacteristic const&) const
 .text._ZN10GattClient42terminateCharacteristicDescriptorDiscoveryERK24DiscoveredCharacteristic
                0x0001e738        0x2 ../BUILD/NRF52_DK/GCC_ARM/mbed-os/features/FEATURE_BLE/targets/TARGET_NORDIC/TARGET_NRF5/source/nRF5xGattClient.o
                0x0001e738                GattClient::terminateCharacteristicDescriptorDiscovery(DiscoveredCharacteristic const&)
 .text.sd_ble_gattc_primary_services_discover
                0x0001e73a        0x4 ../BUILD/NRF52_DK/GCC_ARM/mbed-os/features/FEATURE_BLE/targets/TARGET_NORDIC/TARGET_NRF5/source/nRF5xGattClient.o
 .text.sd_ble_gattc_read
                0x0001e73e        0x4 ../BUILD/NRF52_DK/GCC_ARM/mbed-os/features/FEATURE_BLE/targets/TARGET_NORDIC/TARGET_NRF5/source/nRF5xGattClient.o
 .text.sd_ble_gattc_write
                0x0001e742        0x4 ../BUILD/NRF52_DK/GCC_ARM/mbed-os/features/FEATURE_BLE/targets/TARGET_NORDIC/TARGET_NRF5/source/nRF5xGattClient.o
 .text._ZNK15nRF5xGattClient24isServiceDiscoveryActiveEv
                0x0001e746        0xc ../BUILD/NRF52_DK/GCC_ARM/mbed-os/features/FEATURE_BLE/targets/TARGET_NORDIC/TARGET_NRF5/source/nRF5xGattClient.o
                0x0001e746                nRF5xGattClient::isServiceDiscoveryActive() const
 .text._ZNK15nRF5xGattClient4readEttt
                0x0001e752       0x18 ../BUILD/NRF52_DK/GCC_ARM/mbed-os/features/FEATURE_BLE/targets/TARGET_NORDIC/TARGET_NRF5/source/nRF5xGattClient.o
                0x0001e752                nRF5xGattClient::read(unsigned short, unsigned short, unsigned short) const
 .text._ZNK15nRF5xGattClient5writeEN10GattClient9WriteOp_tEttjPKh
                0x0001e76a       0x42 ../BUILD/NRF52_DK/GCC_ARM/mbed-os/features/FEATURE_BLE/targets/TARGET_NORDIC/TARGET_NRF5/source/nRF5xGattClient.o
                0x0001e76a                nRF5xGattClient::write(GattClient::WriteOp_t, unsigned short, unsigned short, unsigned int, unsigned char const*) const
 .text._ZN26FunctionPointerWithContextIPK17DiscoveredServiceE14functioncallerEPKS3_S2_
                0x0001e7ac        0xa ../BUILD/NRF52_DK/GCC_ARM/mbed-os/features/FEATURE_BLE/targets/TARGET_NORDIC/TARGET_NRF5/source/nRF5xGattClient.o
                0x0001e7ac                FunctionPointerWithContext<DiscoveredService const*>::functioncaller(FunctionPointerWithContext<DiscoveredService const*> const*, DiscoveredService const*)
 .text._ZN26FunctionPointerWithContextIPK24DiscoveredCharacteristicE14functioncallerEPKS3_S2_
                0x0001e7b6        0xa ../BUILD/NRF52_DK/GCC_ARM/mbed-os/features/FEATURE_BLE/targets/TARGET_NORDIC/TARGET_NRF5/source/nRF5xGattClient.o
                0x0001e7b6                FunctionPointerWithContext<DiscoveredCharacteristic const*>::functioncaller(FunctionPointerWithContext<DiscoveredCharacteristic const*> const*, DiscoveredCharacteristic const*)
 .text._ZN26FunctionPointerWithContextItE14functioncallerEPKS0_t
                0x0001e7c0        0xa ../BUILD/NRF52_DK/GCC_ARM/mbed-os/features/FEATURE_BLE/targets/TARGET_NORDIC/TARGET_NRF5/source/nRF5xGattClient.o
                0x0001e7c0                FunctionPointerWithContext<unsigned short>::functioncaller(FunctionPointerWithContext<unsigned short> const*, unsigned short)
 .text._ZN15nRF5xGattClient33discoverCharacteristicDescriptorsERK24DiscoveredCharacteristicRK26FunctionPointerWithContextIPKN33CharacteristicDescriptorDiscovery25DiscoveryCallbackParams_tEERKS3_IPKNS4_27TerminationCallbackParams_tEE
                0x0001e7ca        0x8 ../BUILD/NRF52_DK/GCC_ARM/mbed-os/features/FEATURE_BLE/targets/TARGET_NORDIC/TARGET_NRF5/source/nRF5xGattClient.o
                0x0001e7ca                nRF5xGattClient::discoverCharacteristicDescriptors(DiscoveredCharacteristic const&, FunctionPointerWithContext<CharacteristicDescriptorDiscovery::DiscoveryCallbackParams_t const*> const&, FunctionPointerWithContext<CharacteristicDescriptorDiscovery::TerminationCallbackParams_t const*> const&)
 .text._ZNK15nRF5xGattClient42isCharacteristicDescriptorsDiscoveryActiveERK24DiscoveredCharacteristic
                0x0001e7d2        0x8 ../BUILD/NRF52_DK/GCC_ARM/mbed-os/features/FEATURE_BLE/targets/TARGET_NORDIC/TARGET_NRF5/source/nRF5xGattClient.o
                0x0001e7d2                nRF5xGattClient::isCharacteristicDescriptorsDiscoveryActive(DiscoveredCharacteristic const&) const
 .text._ZN15nRF5xGattClient43terminateCharacteristicDescriptorsDiscoveryERK24DiscoveredCharacteristic
                0x0001e7da        0x8 ../BUILD/NRF52_DK/GCC_ARM/mbed-os/features/FEATURE_BLE/targets/TARGET_NORDIC/TARGET_NRF5/source/nRF5xGattClient.o
                0x0001e7da                nRF5xGattClient::terminateCharacteristicDescriptorsDiscovery(DiscoveredCharacteristic const&)
 .text._ZN15nRF5xGattClient29onServiceDiscoveryTerminationE26FunctionPointerWithContextItE
                0x0001e7e2       0x28 ../BUILD/NRF52_DK/GCC_ARM/mbed-os/features/FEATURE_BLE/targets/TARGET_NORDIC/TARGET_NRF5/source/nRF5xGattClient.o
                0x0001e7e2                nRF5xGattClient::onServiceDiscoveryTermination(FunctionPointerWithContext<unsigned short>)
 .text._ZN15nRF5xGattClient22launchServiceDiscoveryEt26FunctionPointerWithContextIPK17DiscoveredServiceES0_IPK24DiscoveredCharacteristicERK4UUIDSB_
                0x0001e80a       0xd8 ../BUILD/NRF52_DK/GCC_ARM/mbed-os/features/FEATURE_BLE/targets/TARGET_NORDIC/TARGET_NRF5/source/nRF5xGattClient.o
                0x0001e80a                nRF5xGattClient::launchServiceDiscovery(unsigned short, FunctionPointerWithContext<DiscoveredService const*>, FunctionPointerWithContext<DiscoveredCharacteristic const*>, UUID const&, UUID const&)
 *fill*         0x0001e8e2        0x2 
 .text._ZN10GattClient16discoverServicesEt26FunctionPointerWithContextIPK17DiscoveredServiceERK4UUID
                0x0001e8e4       0x58 ../BUILD/NRF52_DK/GCC_ARM/mbed-os/features/FEATURE_BLE/targets/TARGET_NORDIC/TARGET_NRF5/source/nRF5xGattClient.o
                0x0001e8e4                GattClient::discoverServices(unsigned short, FunctionPointerWithContext<DiscoveredService const*>, UUID const&)
 .text._ZN16ServiceDiscovery5resetEv
                0x0001e93c       0x98 ../BUILD/NRF52_DK/GCC_ARM/mbed-os/features/FEATURE_BLE/targets/TARGET_NORDIC/TARGET_NRF5/source/nRF5xGattClient.o
                0x0001e93c                ServiceDiscovery::reset()
 .text._ZN21nRF5xServiceDiscovery5resetEv
                0x0001e9d4       0x7c ../BUILD/NRF52_DK/GCC_ARM/mbed-os/features/FEATURE_BLE/targets/TARGET_NORDIC/TARGET_NRF5/source/nRF5xGattClient.o
                0x0001e9d4                nRF5xServiceDiscovery::reset()
 .text._ZN15nRF5xGattClient5resetEv
                0x0001ea50       0x6a ../BUILD/NRF52_DK/GCC_ARM/mbed-os/features/FEATURE_BLE/targets/TARGET_NORDIC/TARGET_NRF5/source/nRF5xGattClient.o
                0x0001ea50                nRF5xGattClient::reset()
 *fill*         0x0001eaba        0x2 
 .text._ZN21nRF5xServiceDiscovery25terminateServiceDiscoveryEv
                0x0001eabc       0x7c ../BUILD/NRF52_DK/GCC_ARM/mbed-os/features/FEATURE_BLE/targets/TARGET_NORDIC/TARGET_NRF5/source/nRF5xGattClient.o
                0x0001eabc                nRF5xServiceDiscovery::terminateServiceDiscovery()
 .text._ZN15nRF5xGattClient25terminateServiceDiscoveryEv
                0x0001eb38        0xa ../BUILD/NRF52_DK/GCC_ARM/mbed-os/features/FEATURE_BLE/targets/TARGET_NORDIC/TARGET_NRF5/source/nRF5xGattClient.o
                0x0001eb38                nRF5xGattClient::terminateServiceDiscovery()
 .text.sd_ble_gatts_service_add
                0x0001eb42        0x4 ../BUILD/NRF52_DK/GCC_ARM/mbed-os/features/FEATURE_BLE/targets/TARGET_NORDIC/TARGET_NRF5/source/nRF5xGattServer.o
 .text.sd_ble_gatts_value_set
                0x0001eb46        0x4 ../BUILD/NRF52_DK/GCC_ARM/mbed-os/features/FEATURE_BLE/targets/TARGET_NORDIC/TARGET_NRF5/source/nRF5xGattServer.o
 .text.sd_ble_gatts_value_get
                0x0001eb4a        0x4 ../BUILD/NRF52_DK/GCC_ARM/mbed-os/features/FEATURE_BLE/targets/TARGET_NORDIC/TARGET_NRF5/source/nRF5xGattServer.o
 .text.sd_ble_gatts_hvx
                0x0001eb4e        0x4 ../BUILD/NRF52_DK/GCC_ARM/mbed-os/features/FEATURE_BLE/targets/TARGET_NORDIC/TARGET_NRF5/source/nRF5xGattServer.o
 .text.sd_ble_gatts_rw_authorize_reply
                0x0001eb52        0x4 ../BUILD/NRF52_DK/GCC_ARM/mbed-os/features/FEATURE_BLE/targets/TARGET_NORDIC/TARGET_NRF5/source/nRF5xGattServer.o
 .text.sd_ble_gatts_sys_attr_set
                0x0001eb56        0x4 ../BUILD/NRF52_DK/GCC_ARM/mbed-os/features/FEATURE_BLE/targets/TARGET_NORDIC/TARGET_NRF5/source/nRF5xGattServer.o
 .text.sd_ble_user_mem_reply
                0x0001eb5a        0x4 ../BUILD/NRF52_DK/GCC_ARM/mbed-os/features/FEATURE_BLE/targets/TARGET_NORDIC/TARGET_NRF5/source/nRF5xGattServer.o
 .text._ZNK10GattServer21isOnDataReadAvailableEv
                0x0001eb5e        0x4 ../BUILD/NRF52_DK/GCC_ARM/mbed-os/features/FEATURE_BLE/targets/TARGET_NORDIC/TARGET_NRF5/source/nRF5xGattServer.o
                0x0001eb5e                GattServer::isOnDataReadAvailable() const
 .text._ZN15nRF5xGattServer4readEtPhPt
                0x0001eb62       0x1a ../BUILD/NRF52_DK/GCC_ARM/mbed-os/features/FEATURE_BLE/targets/TARGET_NORDIC/TARGET_NRF5/source/nRF5xGattServer.o
                0x0001eb62                nRF5xGattServer::read(unsigned short, unsigned char*, unsigned short*)
 .text._ZN15nRF5xGattServer4readEttPhPt
                0x0001eb7c       0x2a ../BUILD/NRF52_DK/GCC_ARM/mbed-os/features/FEATURE_BLE/targets/TARGET_NORDIC/TARGET_NRF5/source/nRF5xGattServer.o
                0x0001eb7c                nRF5xGattServer::read(unsigned short, unsigned short, unsigned char*, unsigned short*)
 .text._ZN15nRF5xGattServer5writeEtPKhtb
                0x0001eba6       0x20 ../BUILD/NRF52_DK/GCC_ARM/mbed-os/features/FEATURE_BLE/targets/TARGET_NORDIC/TARGET_NRF5/source/nRF5xGattServer.o
                0x0001eba6                nRF5xGattServer::write(unsigned short, unsigned char const*, unsigned short, bool)
 .text._ZN15nRF5xGattServer17areUpdatesEnabledERK18GattCharacteristicPb
                0x0001ebc6       0x2e ../BUILD/NRF52_DK/GCC_ARM/mbed-os/features/FEATURE_BLE/targets/TARGET_NORDIC/TARGET_NRF5/source/nRF5xGattServer.o
                0x0001ebc6                nRF5xGattServer::areUpdatesEnabled(GattCharacteristic const&, bool*)
 .text._ZN15nRF5xGattServer5writeEttPKhtb
                0x0001ebf4      0x10e ../BUILD/NRF52_DK/GCC_ARM/mbed-os/features/FEATURE_BLE/targets/TARGET_NORDIC/TARGET_NRF5/source/nRF5xGattServer.o
                0x0001ebf4                nRF5xGattServer::write(unsigned short, unsigned short, unsigned char const*, unsigned short, bool)
 .text._ZN15nRF5xGattServer17areUpdatesEnabledEtRK18GattCharacteristicPb
                0x0001ed02       0x64 ../BUILD/NRF52_DK/GCC_ARM/mbed-os/features/FEATURE_BLE/targets/TARGET_NORDIC/TARGET_NRF5/source/nRF5xGattServer.o
                0x0001ed02                nRF5xGattServer::areUpdatesEnabled(unsigned short, GattCharacteristic const&, bool*)
 .text._ZN15nRF5xGattServer10addServiceER11GattService
                0x0001ed66      0x1c2 ../BUILD/NRF52_DK/GCC_ARM/mbed-os/features/FEATURE_BLE/targets/TARGET_NORDIC/TARGET_NRF5/source/nRF5xGattServer.o
                0x0001ed66                nRF5xGattServer::addService(GattService&)
 .text._ZN10GattServer5resetEv
                0x0001ef28       0xc0 ../BUILD/NRF52_DK/GCC_ARM/mbed-os/features/FEATURE_BLE/targets/TARGET_NORDIC/TARGET_NRF5/source/nRF5xGattServer.o
                0x0001ef28                GattServer::reset()
 .text._ZNK15nRF5xGattServer28getBiggestCharacteristicSizeEv
                0x0001efe8       0x22 ../BUILD/NRF52_DK/GCC_ARM/mbed-os/features/FEATURE_BLE/targets/TARGET_NORDIC/TARGET_NRF5/source/nRF5xGattServer.o
                0x0001efe8                nRF5xGattServer::getBiggestCharacteristicSize() const
 .text._ZN15nRF5xGattServer24allocateLongWriteRequestEt
                0x0001f00a       0x50 ../BUILD/NRF52_DK/GCC_ARM/mbed-os/features/FEATURE_BLE/targets/TARGET_NORDIC/TARGET_NRF5/source/nRF5xGattServer.o
                0x0001f00a                nRF5xGattServer::allocateLongWriteRequest(unsigned short)
 .text._ZN15nRF5xGattServer20findLongWriteRequestEt
                0x0001f05a       0x2e ../BUILD/NRF52_DK/GCC_ARM/mbed-os/features/FEATURE_BLE/targets/TARGET_NORDIC/TARGET_NRF5/source/nRF5xGattServer.o
                0x0001f05a                nRF5xGattServer::findLongWriteRequest(unsigned short)
 .text._ZN15nRF5xGattServer23releaseLongWriteRequestEt
                0x0001f088       0x1a ../BUILD/NRF52_DK/GCC_ARM/mbed-os/features/FEATURE_BLE/targets/TARGET_NORDIC/TARGET_NRF5/source/nRF5xGattServer.o
                0x0001f088                nRF5xGattServer::releaseLongWriteRequest(unsigned short)
 .text._ZN15nRF5xGattServer23releaseAllWriteRequestsEv
                0x0001f0a2       0x20 ../BUILD/NRF52_DK/GCC_ARM/mbed-os/features/FEATURE_BLE/targets/TARGET_NORDIC/TARGET_NRF5/source/nRF5xGattServer.o
                0x0001f0a2                nRF5xGattServer::releaseAllWriteRequests()
 .text._ZN15nRF5xGattServer5resetEv
                0x0001f0c2       0x4e ../BUILD/NRF52_DK/GCC_ARM/mbed-os/features/FEATURE_BLE/targets/TARGET_NORDIC/TARGET_NRF5/source/nRF5xGattServer.o
                0x0001f0c2                nRF5xGattServer::reset()
 .text._ZNK8SafeBoolI26FunctionPointerWithContextItEEcvMN9SafeBool_4baseEKFvvEEv
                0x0001f110       0x18 ../BUILD/NRF52_DK/GCC_ARM/mbed-os/features/FEATURE_BLE/targets/TARGET_NORDIC/TARGET_NRF5/source/nRF5xGattServer.o
                0x0001f110                SafeBool<FunctionPointerWithContext<unsigned short> >::operator void (SafeBool_::base::*)() const() const
 .text._ZNK38CallChainOfFunctionPointersWithContextIPK23GattWriteCallbackParamsE4callES2_
                0x0001f128       0x20 ../BUILD/NRF52_DK/GCC_ARM/mbed-os/features/FEATURE_BLE/targets/TARGET_NORDIC/TARGET_NRF5/source/nRF5xGattServer.o
                0x0001f128                CallChainOfFunctionPointersWithContext<GattWriteCallbackParams const*>::call(GattWriteCallbackParams const*) const
 .text._ZNK26FunctionPointerWithContextItE4callEt
                0x0001f148        0x4 ../BUILD/NRF52_DK/GCC_ARM/mbed-os/features/FEATURE_BLE/targets/TARGET_NORDIC/TARGET_NRF5/source/nRF5xGattServer.o
                0x0001f148                FunctionPointerWithContext<unsigned short>::call(unsigned short) const
 .text._ZN10GattServer11handleEventEN16GattServerEvents11gattEvent_eEt